GAMS Rev 240  WEX-VS8 24.0.2 x86/MS Windows                                                                                                                                                                                            04/26/13 11:58:06 Page 1
multicore_scheduling_min_wqt_s1
C o m p i l a t i o n


   2   
   3  Option optcr = 0.0;
   4   
INCLUDE    D:\Facultad\OPI\gams-opi\params_2_32x4_3.gms
   6  * Scenario 32x4 of model WQT
   7   
   8  SET t /0*33/;
   9  SET m /1*4/;
  10  PARAMETER m_cores(m)
  11          /        1        4
  12                  2        4
  13                  3        4
  14                  4        4 /;
  15  PARAMETER t_arrival(t)
  16          /        1        34.0
  17                  2        49.0
  18                  3        105.0
  19                  4        113.0
  20                  5        146.0
  21                  6        151.0
  22                  7        162.0
  23                  8        191.0
  24                  9        215.0
  25                  10        219.0
  26                  11        220.0
  27                  12        295.0
  28                  13        340.0
  29                  14        364.0
  30                  15        375.0
  31                  16        376.0
  32                  17        377.0
  33                  18        465.0
  34                  19        476.0
  35                  20        486.0
  36                  21        521.0
  37                  22        530.0
  38                  23        534.0
  39                  24        536.0
  40                  25        613.0
  41                  26        644.0
  42                  27        686.0
  43                  28        771.0
  44                  29        776.0
  45                  30        786.0
  46                  31        788.0
  47                  32        806.0 /;
  48  PARAMETER t_cores(t)
  49          /        1        1
  50                  2        1
  51                  3        1
  52                  4        1
  53                  5        1
  54                  6        4
GAMS Rev 240  WEX-VS8 24.0.2 x86/MS Windows                                                                                                                                                                                            04/26/13 11:58:06 Page 2
multicore_scheduling_min_wqt_s1
C o m p i l a t i o n


  55                  7        1
  56                  8        1
  57                  9        1
  58                  10        1
  59                  11        2
  60                  12        1
  61                  13        2
  62                  14        1
  63                  15        1
  64                  16        1
  65                  17        1
  66                  18        1
  67                  19        1
  68                  20        2
  69                  21        1
  70                  22        1
  71                  23        1
  72                  24        1
  73                  25        2
  74                  26        1
  75                  27        1
  76                  28        1
  77                  29        1
  78                  30        1
  79                  31        1
  80                  32        1 /;
  81  PARAMETER t_priorities(t)
  82          /        1        3
  83                  2        3
  84                  3        3
  85                  4        3
  86                  5        3
  87                  6        3
  88                  7        3
  89                  8        1
  90                  9        3
  91                  10        3
  92                  11        3
  93                  12        2
  94                  13        3
  95                  14        3
  96                  15        3
  97                  16        4
  98                  17        3
  99                  18        3
 100                  19        3
 101                  20        3
 102                  21        2
 103                  22        5
 104                  23        5
 105                  24        3
 106                  25        3
 107                  26        3
GAMS Rev 240  WEX-VS8 24.0.2 x86/MS Windows                                                                                                                                                                                            04/26/13 11:58:06 Page 3
multicore_scheduling_min_wqt_s1
C o m p i l a t i o n


 108                  27        3
 109                  28        5
 110                  29        1
 111                  30        2
 112                  31        3
 113                  32        3 /;
 114  PARAMETER etc(t,m)
 115          /        1        .1        18349.6015
 116                  1        .2        12193.3929
 117                  1        .3        16296.6700
 118                  1        .4        12193.3929
 119                  2        .1        46278.5236
 120                  2        .2        30752.2876
 121                  2        .3        41100.9377
 122                  2        .4        30752.2876
 123                  3        .1        1401.4922
 124                  3        .2        931.2979
 125                  3        .3        1244.6949
 126                  3        .4        931.2979
 127                  4        .1        23410.6473
 128                  4        .2        15556.4807
 129                  4        .3        20791.4921
 130                  4        .4        15556.4807
 131                  5        .1        20502.5571
 132                  5        .2        13624.0416
 133                  5        .3        18208.7555
 134                  5        .4        13624.0416
 135                  6        .1        10071.6092
 136                  6        .2        6692.6297
 137                  6        .3        8944.8096
 138                  6        .4        6692.6297
 139                  7        .1        2191.8629
 140                  7        .2        1456.5028
 141                  7        .3        1946.6399
 142                  7        .4        1456.5028
 143                  8        .1        17203.8798
 144                  8        .2        11432.0557
 145                  8        .3        15279.1303
 146                  8        .4        11432.0557
 147                  9        .1        15435.4811
 148                  9        .2        10256.9468
 149                  9        .3        13708.5780
 150                  9        .4        10256.9468
 151                  10        .1        5510.0785
 152                  10        .2        3661.4720
 153                  10        .3        4893.6175
 154                  10        .4        3661.4720
 155                  11        .1        6254.2087
 156                  11        .2        4155.9498
 157                  11        .3        5554.4953
 158                  11        .4        4155.9498
 159                  12        .1        32716.3424
 160                  12        .2        21740.1570
GAMS Rev 240  WEX-VS8 24.0.2 x86/MS Windows                                                                                                                                                                                            04/26/13 11:58:06 Page 4
multicore_scheduling_min_wqt_s1
C o m p i l a t i o n


 161                  12        .3        29056.0772
 162                  12        .4        21740.1570
 163                  13        .1        2001.5927
 164                  13        .2        1330.0674
 165                  13        .3        1777.6569
 166                  13        .4        1330.0674
 167                  14        .1        17992.7631
 168                  14        .2        11956.2722
 169                  14        .3        15979.7543
 170                  14        .4        11956.2722
 171                  15        .1        48090.2449
 172                  15        .2        31956.1846
 173                  15        .3        42709.9658
 174                  15        .4        31956.1846
 175                  16        .1        6553.0180
 176                  16        .2        4354.5100
 177                  16        .3        5819.8741
 178                  16        .4        4354.5100
 179                  17        .1        7319.1441
 180                  17        .2        4863.6042
 181                  17        .3        6500.2870
 182                  17        .4        4863.6042
 183                  18        .1        20415.2753
 184                  18        .2        13566.0425
 185                  18        .3        18131.2387
 186                  18        .4        13566.0425
 187                  19        .1        9861.6812
 188                  19        .2        6553.1317
 189                  19        .3        8758.3681
 190                  19        .4        6553.1317
 191                  20        .1        2263.4550
 192                  20        .2        1504.0761
 193                  20        .3        2010.2224
 194                  20        .4        1504.0761
 195                  21        .1        6212.4456
 196                  21        .2        4128.1981
 197                  21        .3        5517.4046
 198                  21        .4        4128.1981
 199                  22        .1        9273.7464
 200                  22        .2        6162.4463
 201                  22        .3        8236.2107
 202                  22        .4        6162.4463
 203                  23        .1        2760.3218
 204                  23        .2        1834.2463
 205                  23        .3        2451.5003
 206                  23        .4        1834.2463
 207                  24        .1        26347.0510
 208                  24        .2        17507.7341
 209                  24        .3        23399.3744
 210                  24        .4        17507.7341
 211                  25        .1        1699.0351
 212                  25        .2        1129.0165
 213                  25        .3        1508.9491
GAMS Rev 240  WEX-VS8 24.0.2 x86/MS Windows                                                                                                                                                                                            04/26/13 11:58:06 Page 5
multicore_scheduling_min_wqt_s1
C o m p i l a t i o n


 214                  25        .4        1129.0165
 215                  26        .1        23927.6131
 216                  26        .2        15900.0068
 217                  26        .3        21250.6204
 218                  26        .4        15900.0068
 219                  27        .1        7552.6256
 220                  27        .2        5018.7538
 221                  27        .3        6707.6469
 222                  27        .4        5018.7538
 223                  28        .1        7057.0670
 224                  28        .2        4689.4528
 225                  28        .3        6267.5308
 226                  28        .4        4689.4528
 227                  29        .1        601.2001
 228                  29        .2        399.5002
 229                  29        .3        533.9386
 230                  29        .4        399.5002
 231                  30        .1        6224.7362
 232                  30        .2        4136.3653
 233                  30        .3        5528.3202
 234                  30        .4        4136.3653
 235                  31        .1        18514.9587
 236                  31        .2        12303.2735
 237                  31        .3        16443.5273
 238                  31        .4        12303.2735
 239                  32        .1        5838.8122
 240                  32        .2        3879.9170
 241                  32        .3        5185.5728
 242                  32        .4        3879.9170 /;
 243  PARAMETER m_eidle(m)
 244          /        1        79.3
 245                  2        48.7
 246                  3        92.7
 247                  4        48.7 /;
 248  PARAMETER eec(t,m)
 249          /        1        .1        325705.4258
 250                  1        .2        141138.5228
 251                  1        .3        275413.7226
 252                  1        .4        141138.5228
 253                  2        .1        821443.7935
 254                  2        .2        355957.7285
 255                  2        .3        694605.8468
 256                  2        .4        355957.7285
 257                  3        .1        24876.4868
 258                  3        .2        10779.7731
 259                  3        .3        21035.3445
 260                  3        .4        10779.7731
 261                  4        .1        415538.9901
 262                  4        .2        180066.2641
 263                  4        .3        351376.2163
 264                  4        .4        180066.2641
 265                  5        .1        363920.3889
 266                  5        .2        157698.2820
GAMS Rev 240  WEX-VS8 24.0.2 x86/MS Windows                                                                                                                                                                                            04/26/13 11:58:06 Page 6
multicore_scheduling_min_wqt_s1
C o m p i l a t i o n


 267                  5        .3        307727.9686
 268                  5        .4        157698.2820
 269                  6        .1        715084.2521
 270                  6        .2        309868.7556
 271                  6        .3        604669.1282
 272                  6        .4        309868.7556
 273                  7        .1        38905.5667
 274                  7        .2        16859.0198
 275                  7        .3        32898.2145
 276                  7        .4        16859.0198
 277                  8        .1        305368.8668
 278                  8        .2        132326.0447
 279                  8        .3        258217.3022
 280                  8        .4        132326.0447
 281                  9        .1        273979.7902
 282                  9        .2        118724.1593
 283                  9        .3        231674.9676
 284                  9        .4        118724.1593
 285                  10        .1        97803.8931
 286                  10        .2        42381.5383
 287                  10        .3        82702.1356
 288                  10        .4        42381.5383
 289                  11        .1        222024.4073
 290                  11        .2        96210.2390
 291                  11        .3        187741.9401
 292                  11        .4        96210.2390
 293                  12        .1        580715.0782
 294                  12        .2        251642.3178
 295                  12        .3        491047.7038
 296                  12        .4        251642.3178
 297                  13        .1        71056.5400
 298                  13        .2        30791.0593
 299                  13        .3        60084.8025
 300                  13        .4        30791.0593
 301                  14        .1        319371.5454
 302                  14        .2        138393.8509
 303                  14        .3        270057.8475
 304                  14        .4        138393.8509
 305                  15        .1        853601.8473
 306                  15        .2        369892.8363
 307                  15        .3        721798.4221
 308                  15        .4        369892.8363
 309                  16        .1        116316.0689
 310                  16        .2        50403.4531
 311                  16        .3        98355.8731
 312                  16        .4        50403.4531
 313                  17        .1        129914.8074
 314                  17        .2        56296.2191
 315                  17        .3        109854.8501
 316                  17        .4        56296.2191
 317                  18        .1        362371.1360
 318                  18        .2        157026.9414
 319                  18        .3        306417.9336
GAMS Rev 240  WEX-VS8 24.0.2 x86/MS Windows                                                                                                                                                                                            04/26/13 11:58:06 Page 7
multicore_scheduling_min_wqt_s1
C o m p i l a t i o n


 320                  18        .4        157026.9414
 321                  19        .1        175044.8422
 322                  19        .2        75852.4989
 323                  19        .3        148016.4215
 324                  19        .4        75852.4989
 325                  20        .1        80352.6525
 326                  20        .2        34819.3606
 327                  20        .3        67945.5158
 328                  20        .4        34819.3606
 329                  21        .1        110270.9097
 330                  21        .2        47783.8932
 331                  21        .3        93244.1382
 332                  21        .4        47783.8932
 333                  22        .1        164608.9980
 334                  22        .2        71330.3156
 335                  22        .3        139191.9610
 336                  22        .4        71330.3156
 337                  23        .1        48995.7119
 338                  23        .2        21231.4007
 339                  23        .3        41430.3550
 340                  23        .4        21231.4007
 341                  24        .1        467660.1544
 342                  24        .2        202652.0227
 343                  24        .3        395449.4271
 344                  24        .4        202652.0227
 345                  25        .1        60315.7472
 346                  25        .2        26136.7321
 347                  25        .3        51002.4800
 348                  25        .4        26136.7321
 349                  26        .1        424715.1328
 350                  26        .2        184042.5786
 351                  26        .3        359135.4841
 352                  26        .4        184042.5786
 353                  27        .1        134059.1046
 354                  27        .2        58092.0749
 355                  27        .3        113359.2324
 356                  27        .4        58092.0749
 357                  28        .1        125262.9393
 358                  28        .2        54280.4166
 359                  28        .3        105921.2702
 360                  28        .4        54280.4166
 361                  29        .1        10671.3022
 362                  29        .2        4624.2147
 363                  29        .3        9023.5619
 364                  29        .4        4624.2147
 365                  30        .1        110489.0675
 366                  30        .2        47878.4280
 367                  30        .3        93428.6106
 368                  30        .4        47878.4280
 369                  31        .1        328640.5171
 370                  31        .2        142410.3912
 371                  31        .3        277895.6107
 372                  31        .4        142410.3912
GAMS Rev 240  WEX-VS8 24.0.2 x86/MS Windows                                                                                                                                                                                            04/26/13 11:58:06 Page 8
multicore_scheduling_min_wqt_s1
C o m p i l a t i o n


 373                  32        .1        103638.9158
 374                  32        .2        44910.0393
 375                  32        .3        87636.1809
 376                  32        .4        44910.0393 /;
INCLUDE    D:\Facultad\OPI\gams-opi\wqt_model_2.gms
 378  * Model for scheduling of tasks in multicore
 379  * machine minimizing the weighted queued time (WQT)
 380   
 381  alias(t,tt);
 382  alias(m,mm);
 383   
 384  PARAMETER m_cores(m) 'cantidad de cores de la maquina m';
 385  PARAMETER t_arrival(t) 'arribo (en segundos) de la tarea t';
 386  PARAMETER t_cores(t) 'cores requeridos por la tarea t';
 387  PARAMETER t_priorities(t) 'prioridad de la tarea t (1 = tarea menos prioritaria, 5 tarea mas prioritaria)';
 388  PARAMETER m_eidle(m) 'consumo por unidad de tiempo de la maquina m en estado ocioso';
 389  PARAMETER etc(t,m) 'costo computacional por core de la ejecucion de la tarea t en la maquina m';
 390  PARAMETER eec(t,m) 'costo energetico de la ejecucion de la tarea t en la maquina m';
 391   
 392  VARIABLE f objetivo;
 393  POSITIVE VARIABLE starting_time(t)       'comienzo de ejecucion de la tarea t';
 394  POSITIVE VARIABLE completion_time(t)     'tiempo de finalizacion de la tarea t';
 395  BINARY VARIABLE assignment(t,m)        'asignacion de la tarea t en la maquina m';
 396  BINARY VARIABLE precedence(t,tt,m)     't es previa de tt en la maquina m, core c';
 397  INTEGER VARIABLE prec_res(t,tt,m)
 398   
 399  scalar BIG_M 'horizonte maximo de tiempo';
 400  BIG_M = sum(t,smax(m,etc(t,m)));
 401   
 402  EQUATION no_loop(t,tt,m)
 403  EQUATION exec_all_1(t)                   'cada tarea se debe ejecutar en una maquina';
 404  EQUATION exec_all_2(t,m)              'se deben ejecutar todos los cores requeridos por la tarea';
 405  EQUATION m_resources_1(m,tt)                   'cores disponibles en la maquina';
 406  EQUATION m_resources_2(m,tt)                 'cores disponibles en la maquina';
 407  EQUATION m_resources_3(m,tt)                 'cores disponibles en la maquina';
 408  EQUATION m_resources_4(m,tt)                 'cores disponibles en la maquina';
 409  EQUATION eq_completion_time(t)           'asigno el completion time de cada tarea';
 410  EQUATION no_overlap(t,tt,m)              'verifico que las tareas no se pisen';
 411  EQUATION t_precedence_1(t,tt,m)          'toda tarea tiene que tener una unica tarea previa';
 412  EQUATION t_precedence_2(t,tt,m)          'el previous es único dos tareas en un core no pueden tener el mismo previous';
 413  EQUATION t_precedence_3(t,tt,m)          'el previous es único dos tareas en un core no pueden tener el mismo previous';
 414  EQUATION t_precedence_4(t,tt,m)          'el previous es único dos tareas en un core no pueden tener el mismo previous';
 415  EQUATION t_precedence_5(tt,m)          'el previous es único dos tareas en un core no pueden tener el mismo previous';
 416  EQUATION t_precedence_6(t,m)          'el previous es único dos tareas en un core no pueden tener el mismo previous';
 417  EQUATION enforce_arrival(t)              'toda tarea debe empezar luego de su arrival time';
 418  EQUATION objective                       'evaluo el objetivo';
 419   
 420  no_loop(t,tt,m)..          precedence(t,tt,m) + precedence(tt,t,m) =l= 1;
 421   
 422  exec_all_1(t)$(ord(t)>1 and ord(t)<card(t))..          sum(m, assignment(t,m)) =e= 1;
 423  exec_all_2(t,m)$(ord(t)=1 and ord(t)=card(t))..        assignment(t,m) =e= 1;
 424   
 425  m_resources_1(m,tt)$(ord(tt)=1)..       sum(t, prec_res(tt,t,m)) =l= m_cores(m);
GAMS Rev 240  WEX-VS8 24.0.2 x86/MS Windows                                                                                                                                                                                            04/26/13 11:58:06 Page 9
multicore_scheduling_min_wqt_s1
C o m p i l a t i o n


 426  m_resources_2(m,tt)$(ord(tt)=1)..       sum(t, prec_res(t,tt,m)) =e= 0;
 427  m_resources_3(m,tt)$(ord(tt)=card(t))..       sum(t, prec_res(t,tt,m)) =e= m_cores(m);
 428  m_resources_4(m,tt)$(ord(tt)=card(t))..       sum(t, prec_res(tt,t,m)) =e= 0;
 429   
 430  eq_completion_time(t)..  completion_time(t) =e= starting_time(t) + sum(m, assignment(t,m) * etc(t,m));
 431   
 432  no_overlap(t,tt,m)..     starting_time(tt) - starting_time(t) =g= -BIG_M + (etc(t,m) + BIG_M) * precedence(t,tt,m);
 433  *no_overlap(t,tt,m)..   starting_time(tt) =g= completion_time(t) - bigM*(1-precedence(t,tt,m));
 434   
 435  t_precedence_1(t,tt,m)$(ord(t)>1 and ord(t)<card(t) and ord(tt)>1 and ord(tt)<card(t))..
 436  prec_res(t,tt,m) =l= t_cores(t) * precedence(t,tt,m);
 437   
 438  t_precedence_2(t,tt,m)$(ord(t)>1 and ord(t)<card(t) and ord(tt)>1 and ord(tt)<card(t))..
 439  prec_res(t,tt,m) =l= t_cores(tt) * precedence(t,tt,m);
 440   
 441  t_precedence_3(t,tt,m)..
 442  precedence(t,tt,m) =l= assignment(t,m);
 443   
 444  t_precedence_4(t,tt,m)..
 445  precedence(t,tt,m) =l= assignment(tt,m);
 446   
 447  t_precedence_5(tt,m)$(ord(tt)>1 and ord(tt)<card(t))..
 448  sum(t, prec_res(t,tt,m)) =e= t_cores(tt) * assignment(tt,m);
 449   
 450  t_precedence_6(t,m)$(ord(t)>1 and ord(t)<card(t))..
 451  sum(tt, prec_res(t,tt,m)) =e= t_cores(t) * assignment(t,m);
 452   
 453  enforce_arrival(t)..     starting_time(t) =g= t_arrival(t);
 454   
 455  objective..              f =e= sum(t, t_priorities(t) * (completion_time(t)-t_arrival(t)));
 456   
 457  MODEL min_wqt /all/;
 458   
 459  OPTION Reslim = 21600;
 460  OPTION MIP = cplex;
 461  SOLVE min_wqt using mip minimizing f;
 462   
 463  DISPLAY f.l;
 464  DISPLAY starting_time.l;
 465  DISPLAY completion_time.l;
 466  DISPLAY assignment.l;
 467  DISPLAY precedence.l;
 468  DISPLAY prec_res.l;
 469   
 470   
 471  file salida_starting_time /m2_wqt_stime_32x4.txt/;
 472  put salida_starting_time;
 473  loop(t$(ord(t)>1 and ord(t)<card(t)), put starting_time.l(t):<:4 /);
 474  putclose salida_starting_time;
 475   
 476  file salida_assignment /m2_wqt_assign_32x4.txt/;
 477  put salida_assignment;
 478  loop((t,m)$(assignment.l(t,m) = 1 and ord(t)>1 and ord(t)<card(t)), put ord(m):<:0 /);
GAMS Rev 240  WEX-VS8 24.0.2 x86/MS Windows                                                                                                                                                                                           04/26/13 11:58:06 Page 10
multicore_scheduling_min_wqt_s1
C o m p i l a t i o n


 479  putclose salida_assignment;
GAMS Rev 240  WEX-VS8 24.0.2 x86/MS Windows                                                                                                                                                                                           04/26/13 11:58:06 Page 11
multicore_scheduling_min_wqt_s1
Include File Summary


   SEQ   GLOBAL TYPE      PARENT   LOCAL  FILENAME

     1        1 INPUT          0       0  D:\Facultad\OPI\gams-opi\wqt_run_2_32x4_3.gms
     2        5 INCLUDE        1       5  .D:\Facultad\OPI\gams-opi\params_2_32x4_3.gms
     3      377 INCLUDE        1       6  .D:\Facultad\OPI\gams-opi\wqt_model_2.gms


COMPILATION TIME     =        0.047 SECONDS      3 Mb  WIN240-240 Feb 14, 2013
GAMS Rev 240  WEX-VS8 24.0.2 x86/MS Windows                                                                                                                                                                                           04/26/13 11:58:06 Page 12
multicore_scheduling_min_wqt_s1
Equation Listing    SOLVE min_wqt Using MIP From line 461


---- no_loop  =L=  

no_loop(0,0,1)..  2*precedence(0,0,1) =L= 1 ; (LHS = 0)
     
no_loop(0,0,2)..  2*precedence(0,0,2) =L= 1 ; (LHS = 0)
     
no_loop(0,0,3)..  2*precedence(0,0,3) =L= 1 ; (LHS = 0)
     
REMAINING 4621 ENTRIES SKIPPED


---- exec_all_1  =E=  cada tarea se debe ejecutar en una maquina

exec_all_1(1)..  assignment(1,1) + assignment(1,2) + assignment(1,3) + assignment(1,4) =E= 1 ; (LHS = 0, INFES = 1 ****)
     
exec_all_1(2)..  assignment(2,1) + assignment(2,2) + assignment(2,3) + assignment(2,4) =E= 1 ; (LHS = 0, INFES = 1 ****)
     
exec_all_1(3)..  assignment(3,1) + assignment(3,2) + assignment(3,3) + assignment(3,4) =E= 1 ; (LHS = 0, INFES = 1 ****)
     
REMAINING 29 ENTRIES SKIPPED


---- exec_all_2  =E=  se deben ejecutar todos los cores requeridos por la tarea

                NONE


---- m_resources_1  =L=  cores disponibles en la maquina

m_resources_1(1,0)..  prec_res(0,0,1) + prec_res(0,1,1) + prec_res(0,2,1) + prec_res(0,3,1) + prec_res(0,4,1) + prec_res(0,5,1) + prec_res(0,6,1) + prec_res(0,7,1) + prec_res(0,8,1) + prec_res(0,9,1) + prec_res(0,10,1) + prec_res(0,11,1)
     
      + prec_res(0,12,1) + prec_res(0,13,1) + prec_res(0,14,1) + prec_res(0,15,1) + prec_res(0,16,1) + prec_res(0,17,1) + prec_res(0,18,1) + prec_res(0,19,1) + prec_res(0,20,1) + prec_res(0,21,1) + prec_res(0,22,1) + prec_res(0,23,1) + prec_res(0,24,1)
     
      + prec_res(0,25,1) + prec_res(0,26,1) + prec_res(0,27,1) + prec_res(0,28,1) + prec_res(0,29,1) + prec_res(0,30,1) + prec_res(0,31,1) + prec_res(0,32,1) + prec_res(0,33,1) =L= 4 ; (LHS = 0)
     
m_resources_1(2,0)..  prec_res(0,0,2) + prec_res(0,1,2) + prec_res(0,2,2) + prec_res(0,3,2) + prec_res(0,4,2) + prec_res(0,5,2) + prec_res(0,6,2) + prec_res(0,7,2) + prec_res(0,8,2) + prec_res(0,9,2) + prec_res(0,10,2) + prec_res(0,11,2)
     
      + prec_res(0,12,2) + prec_res(0,13,2) + prec_res(0,14,2) + prec_res(0,15,2) + prec_res(0,16,2) + prec_res(0,17,2) + prec_res(0,18,2) + prec_res(0,19,2) + prec_res(0,20,2) + prec_res(0,21,2) + prec_res(0,22,2) + prec_res(0,23,2) + prec_res(0,24,2)
     
      + prec_res(0,25,2) + prec_res(0,26,2) + prec_res(0,27,2) + prec_res(0,28,2) + prec_res(0,29,2) + prec_res(0,30,2) + prec_res(0,31,2) + prec_res(0,32,2) + prec_res(0,33,2) =L= 4 ; (LHS = 0)
     
m_resources_1(3,0)..  prec_res(0,0,3) + prec_res(0,1,3) + prec_res(0,2,3) + prec_res(0,3,3) + prec_res(0,4,3) + prec_res(0,5,3) + prec_res(0,6,3) + prec_res(0,7,3) + prec_res(0,8,3) + prec_res(0,9,3) + prec_res(0,10,3) + prec_res(0,11,3)
     
      + prec_res(0,12,3) + prec_res(0,13,3) + prec_res(0,14,3) + prec_res(0,15,3) + prec_res(0,16,3) + prec_res(0,17,3) + prec_res(0,18,3) + prec_res(0,19,3) + prec_res(0,20,3) + prec_res(0,21,3) + prec_res(0,22,3) + prec_res(0,23,3) + prec_res(0,24,3)
     
      + prec_res(0,25,3) + prec_res(0,26,3) + prec_res(0,27,3) + prec_res(0,28,3) + prec_res(0,29,3) + prec_res(0,30,3) + prec_res(0,31,3) + prec_res(0,32,3) + prec_res(0,33,3) =L= 4 ; (LHS = 0)
     
REMAINING ENTRY SKIPPED

GAMS Rev 240  WEX-VS8 24.0.2 x86/MS Windows                                                                                                                                                                                           04/26/13 11:58:06 Page 13
multicore_scheduling_min_wqt_s1
Equation Listing    SOLVE min_wqt Using MIP From line 461


---- m_resources_2  =E=  cores disponibles en la maquina

m_resources_2(1,0)..  prec_res(0,0,1) + prec_res(1,0,1) + prec_res(2,0,1) + prec_res(3,0,1) + prec_res(4,0,1) + prec_res(5,0,1) + prec_res(6,0,1) + prec_res(7,0,1) + prec_res(8,0,1) + prec_res(9,0,1) + prec_res(10,0,1) + prec_res(11,0,1)
     
      + prec_res(12,0,1) + prec_res(13,0,1) + prec_res(14,0,1) + prec_res(15,0,1) + prec_res(16,0,1) + prec_res(17,0,1) + prec_res(18,0,1) + prec_res(19,0,1) + prec_res(20,0,1) + prec_res(21,0,1) + prec_res(22,0,1) + prec_res(23,0,1) + prec_res(24,0,1)
     
      + prec_res(25,0,1) + prec_res(26,0,1) + prec_res(27,0,1) + prec_res(28,0,1) + prec_res(29,0,1) + prec_res(30,0,1) + prec_res(31,0,1) + prec_res(32,0,1) + prec_res(33,0,1) =E= 0 ; (LHS = 0)
     
m_resources_2(2,0)..  prec_res(0,0,2) + prec_res(1,0,2) + prec_res(2,0,2) + prec_res(3,0,2) + prec_res(4,0,2) + prec_res(5,0,2) + prec_res(6,0,2) + prec_res(7,0,2) + prec_res(8,0,2) + prec_res(9,0,2) + prec_res(10,0,2) + prec_res(11,0,2)
     
      + prec_res(12,0,2) + prec_res(13,0,2) + prec_res(14,0,2) + prec_res(15,0,2) + prec_res(16,0,2) + prec_res(17,0,2) + prec_res(18,0,2) + prec_res(19,0,2) + prec_res(20,0,2) + prec_res(21,0,2) + prec_res(22,0,2) + prec_res(23,0,2) + prec_res(24,0,2)
     
      + prec_res(25,0,2) + prec_res(26,0,2) + prec_res(27,0,2) + prec_res(28,0,2) + prec_res(29,0,2) + prec_res(30,0,2) + prec_res(31,0,2) + prec_res(32,0,2) + prec_res(33,0,2) =E= 0 ; (LHS = 0)
     
m_resources_2(3,0)..  prec_res(0,0,3) + prec_res(1,0,3) + prec_res(2,0,3) + prec_res(3,0,3) + prec_res(4,0,3) + prec_res(5,0,3) + prec_res(6,0,3) + prec_res(7,0,3) + prec_res(8,0,3) + prec_res(9,0,3) + prec_res(10,0,3) + prec_res(11,0,3)
     
      + prec_res(12,0,3) + prec_res(13,0,3) + prec_res(14,0,3) + prec_res(15,0,3) + prec_res(16,0,3) + prec_res(17,0,3) + prec_res(18,0,3) + prec_res(19,0,3) + prec_res(20,0,3) + prec_res(21,0,3) + prec_res(22,0,3) + prec_res(23,0,3) + prec_res(24,0,3)
     
      + prec_res(25,0,3) + prec_res(26,0,3) + prec_res(27,0,3) + prec_res(28,0,3) + prec_res(29,0,3) + prec_res(30,0,3) + prec_res(31,0,3) + prec_res(32,0,3) + prec_res(33,0,3) =E= 0 ; (LHS = 0)
     
REMAINING ENTRY SKIPPED


---- m_resources_3  =E=  cores disponibles en la maquina

m_resources_3(1,33)..  prec_res(0,33,1) + prec_res(1,33,1) + prec_res(2,33,1) + prec_res(3,33,1) + prec_res(4,33,1) + prec_res(5,33,1) + prec_res(6,33,1) + prec_res(7,33,1) + prec_res(8,33,1) + prec_res(9,33,1) + prec_res(10,33,1) + prec_res(11,33,1)
     
      + prec_res(12,33,1) + prec_res(13,33,1) + prec_res(14,33,1) + prec_res(15,33,1) + prec_res(16,33,1) + prec_res(17,33,1) + prec_res(18,33,1) + prec_res(19,33,1) + prec_res(20,33,1) + prec_res(21,33,1) + prec_res(22,33,1) + prec_res(23,33,1)
     
      + prec_res(24,33,1) + prec_res(25,33,1) + prec_res(26,33,1) + prec_res(27,33,1) + prec_res(28,33,1) + prec_res(29,33,1) + prec_res(30,33,1) + prec_res(31,33,1) + prec_res(32,33,1) + prec_res(33,33,1) =E= 4 ; (LHS = 0, INFES = 4 ****)
     
m_resources_3(2,33)..  prec_res(0,33,2) + prec_res(1,33,2) + prec_res(2,33,2) + prec_res(3,33,2) + prec_res(4,33,2) + prec_res(5,33,2) + prec_res(6,33,2) + prec_res(7,33,2) + prec_res(8,33,2) + prec_res(9,33,2) + prec_res(10,33,2) + prec_res(11,33,2)
     
      + prec_res(12,33,2) + prec_res(13,33,2) + prec_res(14,33,2) + prec_res(15,33,2) + prec_res(16,33,2) + prec_res(17,33,2) + prec_res(18,33,2) + prec_res(19,33,2) + prec_res(20,33,2) + prec_res(21,33,2) + prec_res(22,33,2) + prec_res(23,33,2)
     
      + prec_res(24,33,2) + prec_res(25,33,2) + prec_res(26,33,2) + prec_res(27,33,2) + prec_res(28,33,2) + prec_res(29,33,2) + prec_res(30,33,2) + prec_res(31,33,2) + prec_res(32,33,2) + prec_res(33,33,2) =E= 4 ; (LHS = 0, INFES = 4 ****)
     
m_resources_3(3,33)..  prec_res(0,33,3) + prec_res(1,33,3) + prec_res(2,33,3) + prec_res(3,33,3) + prec_res(4,33,3) + prec_res(5,33,3) + prec_res(6,33,3) + prec_res(7,33,3) + prec_res(8,33,3) + prec_res(9,33,3) + prec_res(10,33,3) + prec_res(11,33,3)
     
      + prec_res(12,33,3) + prec_res(13,33,3) + prec_res(14,33,3) + prec_res(15,33,3) + prec_res(16,33,3) + prec_res(17,33,3) + prec_res(18,33,3) + prec_res(19,33,3) + prec_res(20,33,3) + prec_res(21,33,3) + prec_res(22,33,3) + prec_res(23,33,3)
     
      + prec_res(24,33,3) + prec_res(25,33,3) + prec_res(26,33,3) + prec_res(27,33,3) + prec_res(28,33,3) + prec_res(29,33,3) + prec_res(30,33,3) + prec_res(31,33,3) + prec_res(32,33,3) + prec_res(33,33,3) =E= 4 ; (LHS = 0, INFES = 4 ****)
     
REMAINING ENTRY SKIPPED


---- m_resources_4  =E=  cores disponibles en la maquina

m_resources_4(1,33)..  prec_res(33,0,1) + prec_res(33,1,1) + prec_res(33,2,1) + prec_res(33,3,1) + prec_res(33,4,1) + prec_res(33,5,1) + prec_res(33,6,1) + prec_res(33,7,1) + prec_res(33,8,1) + prec_res(33,9,1) + prec_res(33,10,1) + prec_res(33,11,1)
     
      + prec_res(33,12,1) + prec_res(33,13,1) + prec_res(33,14,1) + prec_res(33,15,1) + prec_res(33,16,1) + prec_res(33,17,1) + prec_res(33,18,1) + prec_res(33,19,1) + prec_res(33,20,1) + prec_res(33,21,1) + prec_res(33,22,1) + prec_res(33,23,1)
     
      + prec_res(33,24,1) + prec_res(33,25,1) + prec_res(33,26,1) + prec_res(33,27,1) + prec_res(33,28,1) + prec_res(33,29,1) + prec_res(33,30,1) + prec_res(33,31,1) + prec_res(33,32,1) + prec_res(33,33,1) =E= 0 ; (LHS = 0)
GAMS Rev 240  WEX-VS8 24.0.2 x86/MS Windows                                                                                                                                                                                           04/26/13 11:58:06 Page 14
multicore_scheduling_min_wqt_s1
Equation Listing    SOLVE min_wqt Using MIP From line 461


     m_resources_4  =E=  cores disponibles en la maquina

m_resources_4(2,33)..  prec_res(33,0,2) + prec_res(33,1,2) + prec_res(33,2,2) + prec_res(33,3,2) + prec_res(33,4,2) + prec_res(33,5,2) + prec_res(33,6,2) + prec_res(33,7,2) + prec_res(33,8,2) + prec_res(33,9,2) + prec_res(33,10,2) + prec_res(33,11,2)
     
      + prec_res(33,12,2) + prec_res(33,13,2) + prec_res(33,14,2) + prec_res(33,15,2) + prec_res(33,16,2) + prec_res(33,17,2) + prec_res(33,18,2) + prec_res(33,19,2) + prec_res(33,20,2) + prec_res(33,21,2) + prec_res(33,22,2) + prec_res(33,23,2)
     
      + prec_res(33,24,2) + prec_res(33,25,2) + prec_res(33,26,2) + prec_res(33,27,2) + prec_res(33,28,2) + prec_res(33,29,2) + prec_res(33,30,2) + prec_res(33,31,2) + prec_res(33,32,2) + prec_res(33,33,2) =E= 0 ; (LHS = 0)
     
m_resources_4(3,33)..  prec_res(33,0,3) + prec_res(33,1,3) + prec_res(33,2,3) + prec_res(33,3,3) + prec_res(33,4,3) + prec_res(33,5,3) + prec_res(33,6,3) + prec_res(33,7,3) + prec_res(33,8,3) + prec_res(33,9,3) + prec_res(33,10,3) + prec_res(33,11,3)
     
      + prec_res(33,12,3) + prec_res(33,13,3) + prec_res(33,14,3) + prec_res(33,15,3) + prec_res(33,16,3) + prec_res(33,17,3) + prec_res(33,18,3) + prec_res(33,19,3) + prec_res(33,20,3) + prec_res(33,21,3) + prec_res(33,22,3) + prec_res(33,23,3)
     
      + prec_res(33,24,3) + prec_res(33,25,3) + prec_res(33,26,3) + prec_res(33,27,3) + prec_res(33,28,3) + prec_res(33,29,3) + prec_res(33,30,3) + prec_res(33,31,3) + prec_res(33,32,3) + prec_res(33,33,3) =E= 0 ; (LHS = 0)
     
REMAINING ENTRY SKIPPED


---- eq_completion_time  =E=  asigno el completion time de cada tarea

eq_completion_time(0)..  - starting_time(0) + completion_time(0) =E= 0 ; (LHS = 0)
     
eq_completion_time(1)..  - starting_time(1) + completion_time(1) - 18349.6015*assignment(1,1) - 12193.3929*assignment(1,2) - 16296.67*assignment(1,3) - 12193.3929*assignment(1,4) =E= 0 ; (LHS = 0)
     
eq_completion_time(2)..  - starting_time(2) + completion_time(2) - 46278.5236*assignment(2,1) - 30752.2876*assignment(2,2) - 41100.9377*assignment(2,3) - 30752.2876*assignment(2,4) =E= 0 ; (LHS = 0)
     
REMAINING 31 ENTRIES SKIPPED


---- no_overlap  =G=  verifico que las tareas no se pisen

no_overlap(0,0,1)..  - 429833.0714*precedence(0,0,1) =G= -429833.0714 ; (LHS = 0)
     
no_overlap(0,0,2)..  - 429833.0714*precedence(0,0,2) =G= -429833.0714 ; (LHS = 0)
     
no_overlap(0,0,3)..  - 429833.0714*precedence(0,0,3) =G= -429833.0714 ; (LHS = 0)
     
REMAINING 4621 ENTRIES SKIPPED


---- t_precedence_1  =L=  toda tarea tiene que tener una unica tarea previa

t_precedence_1(1,1,1)..  - precedence(1,1,1) + prec_res(1,1,1) =L= 0 ; (LHS = 0)
     
t_precedence_1(1,1,2)..  - precedence(1,1,2) + prec_res(1,1,2) =L= 0 ; (LHS = 0)
     
t_precedence_1(1,1,3)..  - precedence(1,1,3) + prec_res(1,1,3) =L= 0 ; (LHS = 0)
     
REMAINING 4093 ENTRIES SKIPPED

GAMS Rev 240  WEX-VS8 24.0.2 x86/MS Windows                                                                                                                                                                                           04/26/13 11:58:06 Page 15
multicore_scheduling_min_wqt_s1
Equation Listing    SOLVE min_wqt Using MIP From line 461


---- t_precedence_2  =L=  el previous es único dos tareas en un core no pueden tener el mismo previous

t_precedence_2(1,1,1)..  - precedence(1,1,1) + prec_res(1,1,1) =L= 0 ; (LHS = 0)
     
t_precedence_2(1,1,2)..  - precedence(1,1,2) + prec_res(1,1,2) =L= 0 ; (LHS = 0)
     
t_precedence_2(1,1,3)..  - precedence(1,1,3) + prec_res(1,1,3) =L= 0 ; (LHS = 0)
     
REMAINING 4093 ENTRIES SKIPPED


---- t_precedence_3  =L=  el previous es único dos tareas en un core no pueden tener el mismo previous

t_precedence_3(0,0,1)..  - assignment(0,1) + precedence(0,0,1) =L= 0 ; (LHS = 0)
     
t_precedence_3(0,0,2)..  - assignment(0,2) + precedence(0,0,2) =L= 0 ; (LHS = 0)
     
t_precedence_3(0,0,3)..  - assignment(0,3) + precedence(0,0,3) =L= 0 ; (LHS = 0)
     
REMAINING 4621 ENTRIES SKIPPED


---- t_precedence_4  =L=  el previous es único dos tareas en un core no pueden tener el mismo previous

t_precedence_4(0,0,1)..  - assignment(0,1) + precedence(0,0,1) =L= 0 ; (LHS = 0)
     
t_precedence_4(0,0,2)..  - assignment(0,2) + precedence(0,0,2) =L= 0 ; (LHS = 0)
     
t_precedence_4(0,0,3)..  - assignment(0,3) + precedence(0,0,3) =L= 0 ; (LHS = 0)
     
REMAINING 4621 ENTRIES SKIPPED


---- t_precedence_5  =E=  el previous es único dos tareas en un core no pueden tener el mismo previous

t_precedence_5(1,1)..  - assignment(1,1) + prec_res(0,1,1) + prec_res(1,1,1) + prec_res(2,1,1) + prec_res(3,1,1) + prec_res(4,1,1) + prec_res(5,1,1) + prec_res(6,1,1) + prec_res(7,1,1) + prec_res(8,1,1) + prec_res(9,1,1) + prec_res(10,1,1)
     
      + prec_res(11,1,1) + prec_res(12,1,1) + prec_res(13,1,1) + prec_res(14,1,1) + prec_res(15,1,1) + prec_res(16,1,1) + prec_res(17,1,1) + prec_res(18,1,1) + prec_res(19,1,1) + prec_res(20,1,1) + prec_res(21,1,1) + prec_res(22,1,1) + prec_res(23,1,1)
     
      + prec_res(24,1,1) + prec_res(25,1,1) + prec_res(26,1,1) + prec_res(27,1,1) + prec_res(28,1,1) + prec_res(29,1,1) + prec_res(30,1,1) + prec_res(31,1,1) + prec_res(32,1,1) + prec_res(33,1,1) =E= 0 ; (LHS = 0)
     
t_precedence_5(1,2)..  - assignment(1,2) + prec_res(0,1,2) + prec_res(1,1,2) + prec_res(2,1,2) + prec_res(3,1,2) + prec_res(4,1,2) + prec_res(5,1,2) + prec_res(6,1,2) + prec_res(7,1,2) + prec_res(8,1,2) + prec_res(9,1,2) + prec_res(10,1,2)
     
      + prec_res(11,1,2) + prec_res(12,1,2) + prec_res(13,1,2) + prec_res(14,1,2) + prec_res(15,1,2) + prec_res(16,1,2) + prec_res(17,1,2) + prec_res(18,1,2) + prec_res(19,1,2) + prec_res(20,1,2) + prec_res(21,1,2) + prec_res(22,1,2) + prec_res(23,1,2)
     
      + prec_res(24,1,2) + prec_res(25,1,2) + prec_res(26,1,2) + prec_res(27,1,2) + prec_res(28,1,2) + prec_res(29,1,2) + prec_res(30,1,2) + prec_res(31,1,2) + prec_res(32,1,2) + prec_res(33,1,2) =E= 0 ; (LHS = 0)
     
t_precedence_5(1,3)..  - assignment(1,3) + prec_res(0,1,3) + prec_res(1,1,3) + prec_res(2,1,3) + prec_res(3,1,3) + prec_res(4,1,3) + prec_res(5,1,3) + prec_res(6,1,3) + prec_res(7,1,3) + prec_res(8,1,3) + prec_res(9,1,3) + prec_res(10,1,3)
     
      + prec_res(11,1,3) + prec_res(12,1,3) + prec_res(13,1,3) + prec_res(14,1,3) + prec_res(15,1,3) + prec_res(16,1,3) + prec_res(17,1,3) + prec_res(18,1,3) + prec_res(19,1,3) + prec_res(20,1,3) + prec_res(21,1,3) + prec_res(22,1,3) + prec_res(23,1,3)
     
      + prec_res(24,1,3) + prec_res(25,1,3) + prec_res(26,1,3) + prec_res(27,1,3) + prec_res(28,1,3) + prec_res(29,1,3) + prec_res(30,1,3) + prec_res(31,1,3) + prec_res(32,1,3) + prec_res(33,1,3) =E= 0 ; (LHS = 0)
     
GAMS Rev 240  WEX-VS8 24.0.2 x86/MS Windows                                                                                                                                                                                           04/26/13 11:58:06 Page 16
multicore_scheduling_min_wqt_s1
Equation Listing    SOLVE min_wqt Using MIP From line 461


     t_precedence_5  =E=  el previous es único dos tareas en un core no pueden tener el mismo previous

REMAINING 125 ENTRIES SKIPPED


---- t_precedence_6  =E=  el previous es único dos tareas en un core no pueden tener el mismo previous

t_precedence_6(1,1)..  - assignment(1,1) + prec_res(1,0,1) + prec_res(1,1,1) + prec_res(1,2,1) + prec_res(1,3,1) + prec_res(1,4,1) + prec_res(1,5,1) + prec_res(1,6,1) + prec_res(1,7,1) + prec_res(1,8,1) + prec_res(1,9,1) + prec_res(1,10,1)
     
      + prec_res(1,11,1) + prec_res(1,12,1) + prec_res(1,13,1) + prec_res(1,14,1) + prec_res(1,15,1) + prec_res(1,16,1) + prec_res(1,17,1) + prec_res(1,18,1) + prec_res(1,19,1) + prec_res(1,20,1) + prec_res(1,21,1) + prec_res(1,22,1) + prec_res(1,23,1)
     
      + prec_res(1,24,1) + prec_res(1,25,1) + prec_res(1,26,1) + prec_res(1,27,1) + prec_res(1,28,1) + prec_res(1,29,1) + prec_res(1,30,1) + prec_res(1,31,1) + prec_res(1,32,1) + prec_res(1,33,1) =E= 0 ; (LHS = 0)
     
t_precedence_6(1,2)..  - assignment(1,2) + prec_res(1,0,2) + prec_res(1,1,2) + prec_res(1,2,2) + prec_res(1,3,2) + prec_res(1,4,2) + prec_res(1,5,2) + prec_res(1,6,2) + prec_res(1,7,2) + prec_res(1,8,2) + prec_res(1,9,2) + prec_res(1,10,2)
     
      + prec_res(1,11,2) + prec_res(1,12,2) + prec_res(1,13,2) + prec_res(1,14,2) + prec_res(1,15,2) + prec_res(1,16,2) + prec_res(1,17,2) + prec_res(1,18,2) + prec_res(1,19,2) + prec_res(1,20,2) + prec_res(1,21,2) + prec_res(1,22,2) + prec_res(1,23,2)
     
      + prec_res(1,24,2) + prec_res(1,25,2) + prec_res(1,26,2) + prec_res(1,27,2) + prec_res(1,28,2) + prec_res(1,29,2) + prec_res(1,30,2) + prec_res(1,31,2) + prec_res(1,32,2) + prec_res(1,33,2) =E= 0 ; (LHS = 0)
     
t_precedence_6(1,3)..  - assignment(1,3) + prec_res(1,0,3) + prec_res(1,1,3) + prec_res(1,2,3) + prec_res(1,3,3) + prec_res(1,4,3) + prec_res(1,5,3) + prec_res(1,6,3) + prec_res(1,7,3) + prec_res(1,8,3) + prec_res(1,9,3) + prec_res(1,10,3)
     
      + prec_res(1,11,3) + prec_res(1,12,3) + prec_res(1,13,3) + prec_res(1,14,3) + prec_res(1,15,3) + prec_res(1,16,3) + prec_res(1,17,3) + prec_res(1,18,3) + prec_res(1,19,3) + prec_res(1,20,3) + prec_res(1,21,3) + prec_res(1,22,3) + prec_res(1,23,3)
     
      + prec_res(1,24,3) + prec_res(1,25,3) + prec_res(1,26,3) + prec_res(1,27,3) + prec_res(1,28,3) + prec_res(1,29,3) + prec_res(1,30,3) + prec_res(1,31,3) + prec_res(1,32,3) + prec_res(1,33,3) =E= 0 ; (LHS = 0)
     
REMAINING 125 ENTRIES SKIPPED


---- enforce_arrival  =G=  toda tarea debe empezar luego de su arrival time

enforce_arrival(0)..  starting_time(0) =G= 0 ; (LHS = 0)
     
enforce_arrival(1)..  starting_time(1) =G= 34 ; (LHS = 0, INFES = 34 ****)
     
enforce_arrival(2)..  starting_time(2) =G= 49 ; (LHS = 0, INFES = 49 ****)
     
REMAINING 31 ENTRIES SKIPPED


---- objective  =E=  evaluo el objetivo

objective..  f - 3*completion_time(1) - 3*completion_time(2) - 3*completion_time(3) - 3*completion_time(4) - 3*completion_time(5) - 3*completion_time(6) - 3*completion_time(7) - completion_time(8) - 3*completion_time(9) - 3*completion_time(10)
     
      - 3*completion_time(11) - 2*completion_time(12) - 3*completion_time(13) - 3*completion_time(14) - 3*completion_time(15) - 4*completion_time(16) - 3*completion_time(17) - 3*completion_time(18) - 3*completion_time(19) - 3*completion_time(20)
     
      - 2*completion_time(21) - 5*completion_time(22) - 5*completion_time(23) - 3*completion_time(24) - 3*completion_time(25) - 3*completion_time(26) - 3*completion_time(27) - 5*completion_time(28) - completion_time(29) - 2*completion_time(30)
     
      - 3*completion_time(31) - 3*completion_time(32) =E= -39960 ; (LHS = 0, INFES = 39960 ****)
     
GAMS Rev 240  WEX-VS8 24.0.2 x86/MS Windows                                                                                                                                                                                           04/26/13 11:58:06 Page 17
multicore_scheduling_min_wqt_s1
Column Listing      SOLVE min_wqt Using MIP From line 461


---- f  objetivo

f
                (.LO, .L, .UP, .M = -INF, 0, +INF, 0)
        1       objective


---- starting_time  comienzo de ejecucion de la tarea t

starting_time(0)
                (.LO, .L, .UP, .M = 0, 0, +INF, 0)
       -1       eq_completion_time(0)
       -1       no_overlap(0,1,1)
       -1       no_overlap(0,1,2)
       -1       no_overlap(0,1,3)
       -1       no_overlap(0,1,4)
       -1       no_overlap(0,2,1)
       -1       no_overlap(0,2,2)
       -1       no_overlap(0,2,3)
       -1       no_overlap(0,2,4)
       -1       no_overlap(0,3,1)
       -1       no_overlap(0,3,2)
       -1       no_overlap(0,3,3)
       -1       no_overlap(0,3,4)
       -1       no_overlap(0,4,1)
       -1       no_overlap(0,4,2)
       -1       no_overlap(0,4,3)
       -1       no_overlap(0,4,4)
       -1       no_overlap(0,5,1)
       -1       no_overlap(0,5,2)
       -1       no_overlap(0,5,3)
       -1       no_overlap(0,5,4)
       -1       no_overlap(0,6,1)
       -1       no_overlap(0,6,2)
       -1       no_overlap(0,6,3)
       -1       no_overlap(0,6,4)
       -1       no_overlap(0,7,1)
       -1       no_overlap(0,7,2)
       -1       no_overlap(0,7,3)
       -1       no_overlap(0,7,4)
       -1       no_overlap(0,8,1)
       -1       no_overlap(0,8,2)
       -1       no_overlap(0,8,3)
       -1       no_overlap(0,8,4)
       -1       no_overlap(0,9,1)
       -1       no_overlap(0,9,2)
       -1       no_overlap(0,9,3)
       -1       no_overlap(0,9,4)
       -1       no_overlap(0,10,1)
       -1       no_overlap(0,10,2)
       -1       no_overlap(0,10,3)
       -1       no_overlap(0,10,4)
       -1       no_overlap(0,11,1)
GAMS Rev 240  WEX-VS8 24.0.2 x86/MS Windows                                                                                                                                                                                           04/26/13 11:58:06 Page 18
multicore_scheduling_min_wqt_s1
Column Listing      SOLVE min_wqt Using MIP From line 461


     starting_time  comienzo de ejecucion de la tarea t

       -1       no_overlap(0,11,2)
       -1       no_overlap(0,11,3)
       -1       no_overlap(0,11,4)
       -1       no_overlap(0,12,1)
       -1       no_overlap(0,12,2)
       -1       no_overlap(0,12,3)
       -1       no_overlap(0,12,4)
       -1       no_overlap(0,13,1)
       -1       no_overlap(0,13,2)
       -1       no_overlap(0,13,3)
       -1       no_overlap(0,13,4)
       -1       no_overlap(0,14,1)
       -1       no_overlap(0,14,2)
       -1       no_overlap(0,14,3)
       -1       no_overlap(0,14,4)
       -1       no_overlap(0,15,1)
       -1       no_overlap(0,15,2)
       -1       no_overlap(0,15,3)
       -1       no_overlap(0,15,4)
       -1       no_overlap(0,16,1)
       -1       no_overlap(0,16,2)
       -1       no_overlap(0,16,3)
       -1       no_overlap(0,16,4)
       -1       no_overlap(0,17,1)
       -1       no_overlap(0,17,2)
       -1       no_overlap(0,17,3)
       -1       no_overlap(0,17,4)
       -1       no_overlap(0,18,1)
       -1       no_overlap(0,18,2)
       -1       no_overlap(0,18,3)
       -1       no_overlap(0,18,4)
       -1       no_overlap(0,19,1)
       -1       no_overlap(0,19,2)
       -1       no_overlap(0,19,3)
       -1       no_overlap(0,19,4)
       -1       no_overlap(0,20,1)
       -1       no_overlap(0,20,2)
       -1       no_overlap(0,20,3)
       -1       no_overlap(0,20,4)
       -1       no_overlap(0,21,1)
       -1       no_overlap(0,21,2)
       -1       no_overlap(0,21,3)
       -1       no_overlap(0,21,4)
       -1       no_overlap(0,22,1)
       -1       no_overlap(0,22,2)
       -1       no_overlap(0,22,3)
       -1       no_overlap(0,22,4)
       -1       no_overlap(0,23,1)
       -1       no_overlap(0,23,2)
       -1       no_overlap(0,23,3)
       -1       no_overlap(0,23,4)
GAMS Rev 240  WEX-VS8 24.0.2 x86/MS Windows                                                                                                                                                                                           04/26/13 11:58:06 Page 19
multicore_scheduling_min_wqt_s1
Column Listing      SOLVE min_wqt Using MIP From line 461


     starting_time  comienzo de ejecucion de la tarea t

       -1       no_overlap(0,24,1)
       -1       no_overlap(0,24,2)
       -1       no_overlap(0,24,3)
       -1       no_overlap(0,24,4)
       -1       no_overlap(0,25,1)
       -1       no_overlap(0,25,2)
       -1       no_overlap(0,25,3)
       -1       no_overlap(0,25,4)
       -1       no_overlap(0,26,1)
       -1       no_overlap(0,26,2)
       -1       no_overlap(0,26,3)
       -1       no_overlap(0,26,4)
       -1       no_overlap(0,27,1)
       -1       no_overlap(0,27,2)
       -1       no_overlap(0,27,3)
       -1       no_overlap(0,27,4)
       -1       no_overlap(0,28,1)
       -1       no_overlap(0,28,2)
       -1       no_overlap(0,28,3)
       -1       no_overlap(0,28,4)
       -1       no_overlap(0,29,1)
       -1       no_overlap(0,29,2)
       -1       no_overlap(0,29,3)
       -1       no_overlap(0,29,4)
       -1       no_overlap(0,30,1)
       -1       no_overlap(0,30,2)
       -1       no_overlap(0,30,3)
       -1       no_overlap(0,30,4)
       -1       no_overlap(0,31,1)
       -1       no_overlap(0,31,2)
       -1       no_overlap(0,31,3)
       -1       no_overlap(0,31,4)
       -1       no_overlap(0,32,1)
       -1       no_overlap(0,32,2)
       -1       no_overlap(0,32,3)
       -1       no_overlap(0,32,4)
       -1       no_overlap(0,33,1)
       -1       no_overlap(0,33,2)
       -1       no_overlap(0,33,3)
       -1       no_overlap(0,33,4)
        1       no_overlap(1,0,1)
        1       no_overlap(1,0,2)
        1       no_overlap(1,0,3)
        1       no_overlap(1,0,4)
        1       no_overlap(2,0,1)
        1       no_overlap(2,0,2)
        1       no_overlap(2,0,3)
        1       no_overlap(2,0,4)
        1       no_overlap(3,0,1)
        1       no_overlap(3,0,2)
        1       no_overlap(3,0,3)
GAMS Rev 240  WEX-VS8 24.0.2 x86/MS Windows                                                                                                                                                                                           04/26/13 11:58:06 Page 20
multicore_scheduling_min_wqt_s1
Column Listing      SOLVE min_wqt Using MIP From line 461


     starting_time  comienzo de ejecucion de la tarea t

        1       no_overlap(3,0,4)
        1       no_overlap(4,0,1)
        1       no_overlap(4,0,2)
        1       no_overlap(4,0,3)
        1       no_overlap(4,0,4)
        1       no_overlap(5,0,1)
        1       no_overlap(5,0,2)
        1       no_overlap(5,0,3)
        1       no_overlap(5,0,4)
        1       no_overlap(6,0,1)
        1       no_overlap(6,0,2)
        1       no_overlap(6,0,3)
        1       no_overlap(6,0,4)
        1       no_overlap(7,0,1)
        1       no_overlap(7,0,2)
        1       no_overlap(7,0,3)
        1       no_overlap(7,0,4)
        1       no_overlap(8,0,1)
        1       no_overlap(8,0,2)
        1       no_overlap(8,0,3)
        1       no_overlap(8,0,4)
        1       no_overlap(9,0,1)
        1       no_overlap(9,0,2)
        1       no_overlap(9,0,3)
        1       no_overlap(9,0,4)
        1       no_overlap(10,0,1)
        1       no_overlap(10,0,2)
        1       no_overlap(10,0,3)
        1       no_overlap(10,0,4)
        1       no_overlap(11,0,1)
        1       no_overlap(11,0,2)
        1       no_overlap(11,0,3)
        1       no_overlap(11,0,4)
        1       no_overlap(12,0,1)
        1       no_overlap(12,0,2)
        1       no_overlap(12,0,3)
        1       no_overlap(12,0,4)
        1       no_overlap(13,0,1)
        1       no_overlap(13,0,2)
        1       no_overlap(13,0,3)
        1       no_overlap(13,0,4)
        1       no_overlap(14,0,1)
        1       no_overlap(14,0,2)
        1       no_overlap(14,0,3)
        1       no_overlap(14,0,4)
        1       no_overlap(15,0,1)
        1       no_overlap(15,0,2)
        1       no_overlap(15,0,3)
        1       no_overlap(15,0,4)
        1       no_overlap(16,0,1)
        1       no_overlap(16,0,2)
GAMS Rev 240  WEX-VS8 24.0.2 x86/MS Windows                                                                                                                                                                                           04/26/13 11:58:06 Page 21
multicore_scheduling_min_wqt_s1
Column Listing      SOLVE min_wqt Using MIP From line 461


     starting_time  comienzo de ejecucion de la tarea t

        1       no_overlap(16,0,3)
        1       no_overlap(16,0,4)
        1       no_overlap(17,0,1)
        1       no_overlap(17,0,2)
        1       no_overlap(17,0,3)
        1       no_overlap(17,0,4)
        1       no_overlap(18,0,1)
        1       no_overlap(18,0,2)
        1       no_overlap(18,0,3)
        1       no_overlap(18,0,4)
        1       no_overlap(19,0,1)
        1       no_overlap(19,0,2)
        1       no_overlap(19,0,3)
        1       no_overlap(19,0,4)
        1       no_overlap(20,0,1)
        1       no_overlap(20,0,2)
        1       no_overlap(20,0,3)
        1       no_overlap(20,0,4)
        1       no_overlap(21,0,1)
        1       no_overlap(21,0,2)
        1       no_overlap(21,0,3)
        1       no_overlap(21,0,4)
        1       no_overlap(22,0,1)
        1       no_overlap(22,0,2)
        1       no_overlap(22,0,3)
        1       no_overlap(22,0,4)
        1       no_overlap(23,0,1)
        1       no_overlap(23,0,2)
        1       no_overlap(23,0,3)
        1       no_overlap(23,0,4)
        1       no_overlap(24,0,1)
        1       no_overlap(24,0,2)
        1       no_overlap(24,0,3)
        1       no_overlap(24,0,4)
        1       no_overlap(25,0,1)
        1       no_overlap(25,0,2)
        1       no_overlap(25,0,3)
        1       no_overlap(25,0,4)
        1       no_overlap(26,0,1)
        1       no_overlap(26,0,2)
        1       no_overlap(26,0,3)
        1       no_overlap(26,0,4)
        1       no_overlap(27,0,1)
        1       no_overlap(27,0,2)
        1       no_overlap(27,0,3)
        1       no_overlap(27,0,4)
        1       no_overlap(28,0,1)
        1       no_overlap(28,0,2)
        1       no_overlap(28,0,3)
        1       no_overlap(28,0,4)
        1       no_overlap(29,0,1)
GAMS Rev 240  WEX-VS8 24.0.2 x86/MS Windows                                                                                                                                                                                           04/26/13 11:58:06 Page 22
multicore_scheduling_min_wqt_s1
Column Listing      SOLVE min_wqt Using MIP From line 461


     starting_time  comienzo de ejecucion de la tarea t

        1       no_overlap(29,0,2)
        1       no_overlap(29,0,3)
        1       no_overlap(29,0,4)
        1       no_overlap(30,0,1)
        1       no_overlap(30,0,2)
        1       no_overlap(30,0,3)
        1       no_overlap(30,0,4)
        1       no_overlap(31,0,1)
        1       no_overlap(31,0,2)
        1       no_overlap(31,0,3)
        1       no_overlap(31,0,4)
        1       no_overlap(32,0,1)
        1       no_overlap(32,0,2)
        1       no_overlap(32,0,3)
        1       no_overlap(32,0,4)
        1       no_overlap(33,0,1)
        1       no_overlap(33,0,2)
        1       no_overlap(33,0,3)
        1       no_overlap(33,0,4)
        1       enforce_arrival(0)

starting_time(1)
                (.LO, .L, .UP, .M = 0, 0, +INF, 0)
       -1       eq_completion_time(1)
        1       no_overlap(0,1,1)
        1       no_overlap(0,1,2)
        1       no_overlap(0,1,3)
        1       no_overlap(0,1,4)
       -1       no_overlap(1,0,1)
       -1       no_overlap(1,0,2)
       -1       no_overlap(1,0,3)
       -1       no_overlap(1,0,4)
       -1       no_overlap(1,2,1)
       -1       no_overlap(1,2,2)
       -1       no_overlap(1,2,3)
       -1       no_overlap(1,2,4)
       -1       no_overlap(1,3,1)
       -1       no_overlap(1,3,2)
       -1       no_overlap(1,3,3)
       -1       no_overlap(1,3,4)
       -1       no_overlap(1,4,1)
       -1       no_overlap(1,4,2)
       -1       no_overlap(1,4,3)
       -1       no_overlap(1,4,4)
       -1       no_overlap(1,5,1)
       -1       no_overlap(1,5,2)
       -1       no_overlap(1,5,3)
       -1       no_overlap(1,5,4)
       -1       no_overlap(1,6,1)
       -1       no_overlap(1,6,2)
       -1       no_overlap(1,6,3)
GAMS Rev 240  WEX-VS8 24.0.2 x86/MS Windows                                                                                                                                                                                           04/26/13 11:58:06 Page 23
multicore_scheduling_min_wqt_s1
Column Listing      SOLVE min_wqt Using MIP From line 461


     starting_time  comienzo de ejecucion de la tarea t

       -1       no_overlap(1,6,4)
       -1       no_overlap(1,7,1)
       -1       no_overlap(1,7,2)
       -1       no_overlap(1,7,3)
       -1       no_overlap(1,7,4)
       -1       no_overlap(1,8,1)
       -1       no_overlap(1,8,2)
       -1       no_overlap(1,8,3)
       -1       no_overlap(1,8,4)
       -1       no_overlap(1,9,1)
       -1       no_overlap(1,9,2)
       -1       no_overlap(1,9,3)
       -1       no_overlap(1,9,4)
       -1       no_overlap(1,10,1)
       -1       no_overlap(1,10,2)
       -1       no_overlap(1,10,3)
       -1       no_overlap(1,10,4)
       -1       no_overlap(1,11,1)
       -1       no_overlap(1,11,2)
       -1       no_overlap(1,11,3)
       -1       no_overlap(1,11,4)
       -1       no_overlap(1,12,1)
       -1       no_overlap(1,12,2)
       -1       no_overlap(1,12,3)
       -1       no_overlap(1,12,4)
       -1       no_overlap(1,13,1)
       -1       no_overlap(1,13,2)
       -1       no_overlap(1,13,3)
       -1       no_overlap(1,13,4)
       -1       no_overlap(1,14,1)
       -1       no_overlap(1,14,2)
       -1       no_overlap(1,14,3)
       -1       no_overlap(1,14,4)
       -1       no_overlap(1,15,1)
       -1       no_overlap(1,15,2)
       -1       no_overlap(1,15,3)
       -1       no_overlap(1,15,4)
       -1       no_overlap(1,16,1)
       -1       no_overlap(1,16,2)
       -1       no_overlap(1,16,3)
       -1       no_overlap(1,16,4)
       -1       no_overlap(1,17,1)
       -1       no_overlap(1,17,2)
       -1       no_overlap(1,17,3)
       -1       no_overlap(1,17,4)
       -1       no_overlap(1,18,1)
       -1       no_overlap(1,18,2)
       -1       no_overlap(1,18,3)
       -1       no_overlap(1,18,4)
       -1       no_overlap(1,19,1)
       -1       no_overlap(1,19,2)
GAMS Rev 240  WEX-VS8 24.0.2 x86/MS Windows                                                                                                                                                                                           04/26/13 11:58:06 Page 24
multicore_scheduling_min_wqt_s1
Column Listing      SOLVE min_wqt Using MIP From line 461


     starting_time  comienzo de ejecucion de la tarea t

       -1       no_overlap(1,19,3)
       -1       no_overlap(1,19,4)
       -1       no_overlap(1,20,1)
       -1       no_overlap(1,20,2)
       -1       no_overlap(1,20,3)
       -1       no_overlap(1,20,4)
       -1       no_overlap(1,21,1)
       -1       no_overlap(1,21,2)
       -1       no_overlap(1,21,3)
       -1       no_overlap(1,21,4)
       -1       no_overlap(1,22,1)
       -1       no_overlap(1,22,2)
       -1       no_overlap(1,22,3)
       -1       no_overlap(1,22,4)
       -1       no_overlap(1,23,1)
       -1       no_overlap(1,23,2)
       -1       no_overlap(1,23,3)
       -1       no_overlap(1,23,4)
       -1       no_overlap(1,24,1)
       -1       no_overlap(1,24,2)
       -1       no_overlap(1,24,3)
       -1       no_overlap(1,24,4)
       -1       no_overlap(1,25,1)
       -1       no_overlap(1,25,2)
       -1       no_overlap(1,25,3)
       -1       no_overlap(1,25,4)
       -1       no_overlap(1,26,1)
       -1       no_overlap(1,26,2)
       -1       no_overlap(1,26,3)
       -1       no_overlap(1,26,4)
       -1       no_overlap(1,27,1)
       -1       no_overlap(1,27,2)
       -1       no_overlap(1,27,3)
       -1       no_overlap(1,27,4)
       -1       no_overlap(1,28,1)
       -1       no_overlap(1,28,2)
       -1       no_overlap(1,28,3)
       -1       no_overlap(1,28,4)
       -1       no_overlap(1,29,1)
       -1       no_overlap(1,29,2)
       -1       no_overlap(1,29,3)
       -1       no_overlap(1,29,4)
       -1       no_overlap(1,30,1)
       -1       no_overlap(1,30,2)
       -1       no_overlap(1,30,3)
       -1       no_overlap(1,30,4)
       -1       no_overlap(1,31,1)
       -1       no_overlap(1,31,2)
       -1       no_overlap(1,31,3)
       -1       no_overlap(1,31,4)
       -1       no_overlap(1,32,1)
GAMS Rev 240  WEX-VS8 24.0.2 x86/MS Windows                                                                                                                                                                                           04/26/13 11:58:06 Page 25
multicore_scheduling_min_wqt_s1
Column Listing      SOLVE min_wqt Using MIP From line 461


     starting_time  comienzo de ejecucion de la tarea t

       -1       no_overlap(1,32,2)
       -1       no_overlap(1,32,3)
       -1       no_overlap(1,32,4)
       -1       no_overlap(1,33,1)
       -1       no_overlap(1,33,2)
       -1       no_overlap(1,33,3)
       -1       no_overlap(1,33,4)
        1       no_overlap(2,1,1)
        1       no_overlap(2,1,2)
        1       no_overlap(2,1,3)
        1       no_overlap(2,1,4)
        1       no_overlap(3,1,1)
        1       no_overlap(3,1,2)
        1       no_overlap(3,1,3)
        1       no_overlap(3,1,4)
        1       no_overlap(4,1,1)
        1       no_overlap(4,1,2)
        1       no_overlap(4,1,3)
        1       no_overlap(4,1,4)
        1       no_overlap(5,1,1)
        1       no_overlap(5,1,2)
        1       no_overlap(5,1,3)
        1       no_overlap(5,1,4)
        1       no_overlap(6,1,1)
        1       no_overlap(6,1,2)
        1       no_overlap(6,1,3)
        1       no_overlap(6,1,4)
        1       no_overlap(7,1,1)
        1       no_overlap(7,1,2)
        1       no_overlap(7,1,3)
        1       no_overlap(7,1,4)
        1       no_overlap(8,1,1)
        1       no_overlap(8,1,2)
        1       no_overlap(8,1,3)
        1       no_overlap(8,1,4)
        1       no_overlap(9,1,1)
        1       no_overlap(9,1,2)
        1       no_overlap(9,1,3)
        1       no_overlap(9,1,4)
        1       no_overlap(10,1,1)
        1       no_overlap(10,1,2)
        1       no_overlap(10,1,3)
        1       no_overlap(10,1,4)
        1       no_overlap(11,1,1)
        1       no_overlap(11,1,2)
        1       no_overlap(11,1,3)
        1       no_overlap(11,1,4)
        1       no_overlap(12,1,1)
        1       no_overlap(12,1,2)
        1       no_overlap(12,1,3)
        1       no_overlap(12,1,4)
GAMS Rev 240  WEX-VS8 24.0.2 x86/MS Windows                                                                                                                                                                                           04/26/13 11:58:06 Page 26
multicore_scheduling_min_wqt_s1
Column Listing      SOLVE min_wqt Using MIP From line 461


     starting_time  comienzo de ejecucion de la tarea t

        1       no_overlap(13,1,1)
        1       no_overlap(13,1,2)
        1       no_overlap(13,1,3)
        1       no_overlap(13,1,4)
        1       no_overlap(14,1,1)
        1       no_overlap(14,1,2)
        1       no_overlap(14,1,3)
        1       no_overlap(14,1,4)
        1       no_overlap(15,1,1)
        1       no_overlap(15,1,2)
        1       no_overlap(15,1,3)
        1       no_overlap(15,1,4)
        1       no_overlap(16,1,1)
        1       no_overlap(16,1,2)
        1       no_overlap(16,1,3)
        1       no_overlap(16,1,4)
        1       no_overlap(17,1,1)
        1       no_overlap(17,1,2)
        1       no_overlap(17,1,3)
        1       no_overlap(17,1,4)
        1       no_overlap(18,1,1)
        1       no_overlap(18,1,2)
        1       no_overlap(18,1,3)
        1       no_overlap(18,1,4)
        1       no_overlap(19,1,1)
        1       no_overlap(19,1,2)
        1       no_overlap(19,1,3)
        1       no_overlap(19,1,4)
        1       no_overlap(20,1,1)
        1       no_overlap(20,1,2)
        1       no_overlap(20,1,3)
        1       no_overlap(20,1,4)
        1       no_overlap(21,1,1)
        1       no_overlap(21,1,2)
        1       no_overlap(21,1,3)
        1       no_overlap(21,1,4)
        1       no_overlap(22,1,1)
        1       no_overlap(22,1,2)
        1       no_overlap(22,1,3)
        1       no_overlap(22,1,4)
        1       no_overlap(23,1,1)
        1       no_overlap(23,1,2)
        1       no_overlap(23,1,3)
        1       no_overlap(23,1,4)
        1       no_overlap(24,1,1)
        1       no_overlap(24,1,2)
        1       no_overlap(24,1,3)
        1       no_overlap(24,1,4)
        1       no_overlap(25,1,1)
        1       no_overlap(25,1,2)
        1       no_overlap(25,1,3)
GAMS Rev 240  WEX-VS8 24.0.2 x86/MS Windows                                                                                                                                                                                           04/26/13 11:58:06 Page 27
multicore_scheduling_min_wqt_s1
Column Listing      SOLVE min_wqt Using MIP From line 461


     starting_time  comienzo de ejecucion de la tarea t

        1       no_overlap(25,1,4)
        1       no_overlap(26,1,1)
        1       no_overlap(26,1,2)
        1       no_overlap(26,1,3)
        1       no_overlap(26,1,4)
        1       no_overlap(27,1,1)
        1       no_overlap(27,1,2)
        1       no_overlap(27,1,3)
        1       no_overlap(27,1,4)
        1       no_overlap(28,1,1)
        1       no_overlap(28,1,2)
        1       no_overlap(28,1,3)
        1       no_overlap(28,1,4)
        1       no_overlap(29,1,1)
        1       no_overlap(29,1,2)
        1       no_overlap(29,1,3)
        1       no_overlap(29,1,4)
        1       no_overlap(30,1,1)
        1       no_overlap(30,1,2)
        1       no_overlap(30,1,3)
        1       no_overlap(30,1,4)
        1       no_overlap(31,1,1)
        1       no_overlap(31,1,2)
        1       no_overlap(31,1,3)
        1       no_overlap(31,1,4)
        1       no_overlap(32,1,1)
        1       no_overlap(32,1,2)
        1       no_overlap(32,1,3)
        1       no_overlap(32,1,4)
        1       no_overlap(33,1,1)
        1       no_overlap(33,1,2)
        1       no_overlap(33,1,3)
        1       no_overlap(33,1,4)
        1       enforce_arrival(1)

starting_time(2)
                (.LO, .L, .UP, .M = 0, 0, +INF, 0)
       -1       eq_completion_time(2)
        1       no_overlap(0,2,1)
        1       no_overlap(0,2,2)
        1       no_overlap(0,2,3)
        1       no_overlap(0,2,4)
        1       no_overlap(1,2,1)
        1       no_overlap(1,2,2)
        1       no_overlap(1,2,3)
        1       no_overlap(1,2,4)
       -1       no_overlap(2,0,1)
       -1       no_overlap(2,0,2)
       -1       no_overlap(2,0,3)
       -1       no_overlap(2,0,4)
       -1       no_overlap(2,1,1)
GAMS Rev 240  WEX-VS8 24.0.2 x86/MS Windows                                                                                                                                                                                           04/26/13 11:58:06 Page 28
multicore_scheduling_min_wqt_s1
Column Listing      SOLVE min_wqt Using MIP From line 461


     starting_time  comienzo de ejecucion de la tarea t

       -1       no_overlap(2,1,2)
       -1       no_overlap(2,1,3)
       -1       no_overlap(2,1,4)
       -1       no_overlap(2,3,1)
       -1       no_overlap(2,3,2)
       -1       no_overlap(2,3,3)
       -1       no_overlap(2,3,4)
       -1       no_overlap(2,4,1)
       -1       no_overlap(2,4,2)
       -1       no_overlap(2,4,3)
       -1       no_overlap(2,4,4)
       -1       no_overlap(2,5,1)
       -1       no_overlap(2,5,2)
       -1       no_overlap(2,5,3)
       -1       no_overlap(2,5,4)
       -1       no_overlap(2,6,1)
       -1       no_overlap(2,6,2)
       -1       no_overlap(2,6,3)
       -1       no_overlap(2,6,4)
       -1       no_overlap(2,7,1)
       -1       no_overlap(2,7,2)
       -1       no_overlap(2,7,3)
       -1       no_overlap(2,7,4)
       -1       no_overlap(2,8,1)
       -1       no_overlap(2,8,2)
       -1       no_overlap(2,8,3)
       -1       no_overlap(2,8,4)
       -1       no_overlap(2,9,1)
       -1       no_overlap(2,9,2)
       -1       no_overlap(2,9,3)
       -1       no_overlap(2,9,4)
       -1       no_overlap(2,10,1)
       -1       no_overlap(2,10,2)
       -1       no_overlap(2,10,3)
       -1       no_overlap(2,10,4)
       -1       no_overlap(2,11,1)
       -1       no_overlap(2,11,2)
       -1       no_overlap(2,11,3)
       -1       no_overlap(2,11,4)
       -1       no_overlap(2,12,1)
       -1       no_overlap(2,12,2)
       -1       no_overlap(2,12,3)
       -1       no_overlap(2,12,4)
       -1       no_overlap(2,13,1)
       -1       no_overlap(2,13,2)
       -1       no_overlap(2,13,3)
       -1       no_overlap(2,13,4)
       -1       no_overlap(2,14,1)
       -1       no_overlap(2,14,2)
       -1       no_overlap(2,14,3)
       -1       no_overlap(2,14,4)
GAMS Rev 240  WEX-VS8 24.0.2 x86/MS Windows                                                                                                                                                                                           04/26/13 11:58:06 Page 29
multicore_scheduling_min_wqt_s1
Column Listing      SOLVE min_wqt Using MIP From line 461


     starting_time  comienzo de ejecucion de la tarea t

       -1       no_overlap(2,15,1)
       -1       no_overlap(2,15,2)
       -1       no_overlap(2,15,3)
       -1       no_overlap(2,15,4)
       -1       no_overlap(2,16,1)
       -1       no_overlap(2,16,2)
       -1       no_overlap(2,16,3)
       -1       no_overlap(2,16,4)
       -1       no_overlap(2,17,1)
       -1       no_overlap(2,17,2)
       -1       no_overlap(2,17,3)
       -1       no_overlap(2,17,4)
       -1       no_overlap(2,18,1)
       -1       no_overlap(2,18,2)
       -1       no_overlap(2,18,3)
       -1       no_overlap(2,18,4)
       -1       no_overlap(2,19,1)
       -1       no_overlap(2,19,2)
       -1       no_overlap(2,19,3)
       -1       no_overlap(2,19,4)
       -1       no_overlap(2,20,1)
       -1       no_overlap(2,20,2)
       -1       no_overlap(2,20,3)
       -1       no_overlap(2,20,4)
       -1       no_overlap(2,21,1)
       -1       no_overlap(2,21,2)
       -1       no_overlap(2,21,3)
       -1       no_overlap(2,21,4)
       -1       no_overlap(2,22,1)
       -1       no_overlap(2,22,2)
       -1       no_overlap(2,22,3)
       -1       no_overlap(2,22,4)
       -1       no_overlap(2,23,1)
       -1       no_overlap(2,23,2)
       -1       no_overlap(2,23,3)
       -1       no_overlap(2,23,4)
       -1       no_overlap(2,24,1)
       -1       no_overlap(2,24,2)
       -1       no_overlap(2,24,3)
       -1       no_overlap(2,24,4)
       -1       no_overlap(2,25,1)
       -1       no_overlap(2,25,2)
       -1       no_overlap(2,25,3)
       -1       no_overlap(2,25,4)
       -1       no_overlap(2,26,1)
       -1       no_overlap(2,26,2)
       -1       no_overlap(2,26,3)
       -1       no_overlap(2,26,4)
       -1       no_overlap(2,27,1)
       -1       no_overlap(2,27,2)
       -1       no_overlap(2,27,3)
GAMS Rev 240  WEX-VS8 24.0.2 x86/MS Windows                                                                                                                                                                                           04/26/13 11:58:06 Page 30
multicore_scheduling_min_wqt_s1
Column Listing      SOLVE min_wqt Using MIP From line 461


     starting_time  comienzo de ejecucion de la tarea t

       -1       no_overlap(2,27,4)
       -1       no_overlap(2,28,1)
       -1       no_overlap(2,28,2)
       -1       no_overlap(2,28,3)
       -1       no_overlap(2,28,4)
       -1       no_overlap(2,29,1)
       -1       no_overlap(2,29,2)
       -1       no_overlap(2,29,3)
       -1       no_overlap(2,29,4)
       -1       no_overlap(2,30,1)
       -1       no_overlap(2,30,2)
       -1       no_overlap(2,30,3)
       -1       no_overlap(2,30,4)
       -1       no_overlap(2,31,1)
       -1       no_overlap(2,31,2)
       -1       no_overlap(2,31,3)
       -1       no_overlap(2,31,4)
       -1       no_overlap(2,32,1)
       -1       no_overlap(2,32,2)
       -1       no_overlap(2,32,3)
       -1       no_overlap(2,32,4)
       -1       no_overlap(2,33,1)
       -1       no_overlap(2,33,2)
       -1       no_overlap(2,33,3)
       -1       no_overlap(2,33,4)
        1       no_overlap(3,2,1)
        1       no_overlap(3,2,2)
        1       no_overlap(3,2,3)
        1       no_overlap(3,2,4)
        1       no_overlap(4,2,1)
        1       no_overlap(4,2,2)
        1       no_overlap(4,2,3)
        1       no_overlap(4,2,4)
        1       no_overlap(5,2,1)
        1       no_overlap(5,2,2)
        1       no_overlap(5,2,3)
        1       no_overlap(5,2,4)
        1       no_overlap(6,2,1)
        1       no_overlap(6,2,2)
        1       no_overlap(6,2,3)
        1       no_overlap(6,2,4)
        1       no_overlap(7,2,1)
        1       no_overlap(7,2,2)
        1       no_overlap(7,2,3)
        1       no_overlap(7,2,4)
        1       no_overlap(8,2,1)
        1       no_overlap(8,2,2)
        1       no_overlap(8,2,3)
        1       no_overlap(8,2,4)
        1       no_overlap(9,2,1)
        1       no_overlap(9,2,2)
GAMS Rev 240  WEX-VS8 24.0.2 x86/MS Windows                                                                                                                                                                                           04/26/13 11:58:06 Page 31
multicore_scheduling_min_wqt_s1
Column Listing      SOLVE min_wqt Using MIP From line 461


     starting_time  comienzo de ejecucion de la tarea t

        1       no_overlap(9,2,3)
        1       no_overlap(9,2,4)
        1       no_overlap(10,2,1)
        1       no_overlap(10,2,2)
        1       no_overlap(10,2,3)
        1       no_overlap(10,2,4)
        1       no_overlap(11,2,1)
        1       no_overlap(11,2,2)
        1       no_overlap(11,2,3)
        1       no_overlap(11,2,4)
        1       no_overlap(12,2,1)
        1       no_overlap(12,2,2)
        1       no_overlap(12,2,3)
        1       no_overlap(12,2,4)
        1       no_overlap(13,2,1)
        1       no_overlap(13,2,2)
        1       no_overlap(13,2,3)
        1       no_overlap(13,2,4)
        1       no_overlap(14,2,1)
        1       no_overlap(14,2,2)
        1       no_overlap(14,2,3)
        1       no_overlap(14,2,4)
        1       no_overlap(15,2,1)
        1       no_overlap(15,2,2)
        1       no_overlap(15,2,3)
        1       no_overlap(15,2,4)
        1       no_overlap(16,2,1)
        1       no_overlap(16,2,2)
        1       no_overlap(16,2,3)
        1       no_overlap(16,2,4)
        1       no_overlap(17,2,1)
        1       no_overlap(17,2,2)
        1       no_overlap(17,2,3)
        1       no_overlap(17,2,4)
        1       no_overlap(18,2,1)
        1       no_overlap(18,2,2)
        1       no_overlap(18,2,3)
        1       no_overlap(18,2,4)
        1       no_overlap(19,2,1)
        1       no_overlap(19,2,2)
        1       no_overlap(19,2,3)
        1       no_overlap(19,2,4)
        1       no_overlap(20,2,1)
        1       no_overlap(20,2,2)
        1       no_overlap(20,2,3)
        1       no_overlap(20,2,4)
        1       no_overlap(21,2,1)
        1       no_overlap(21,2,2)
        1       no_overlap(21,2,3)
        1       no_overlap(21,2,4)
        1       no_overlap(22,2,1)
GAMS Rev 240  WEX-VS8 24.0.2 x86/MS Windows                                                                                                                                                                                           04/26/13 11:58:06 Page 32
multicore_scheduling_min_wqt_s1
Column Listing      SOLVE min_wqt Using MIP From line 461


     starting_time  comienzo de ejecucion de la tarea t

        1       no_overlap(22,2,2)
        1       no_overlap(22,2,3)
        1       no_overlap(22,2,4)
        1       no_overlap(23,2,1)
        1       no_overlap(23,2,2)
        1       no_overlap(23,2,3)
        1       no_overlap(23,2,4)
        1       no_overlap(24,2,1)
        1       no_overlap(24,2,2)
        1       no_overlap(24,2,3)
        1       no_overlap(24,2,4)
        1       no_overlap(25,2,1)
        1       no_overlap(25,2,2)
        1       no_overlap(25,2,3)
        1       no_overlap(25,2,4)
        1       no_overlap(26,2,1)
        1       no_overlap(26,2,2)
        1       no_overlap(26,2,3)
        1       no_overlap(26,2,4)
        1       no_overlap(27,2,1)
        1       no_overlap(27,2,2)
        1       no_overlap(27,2,3)
        1       no_overlap(27,2,4)
        1       no_overlap(28,2,1)
        1       no_overlap(28,2,2)
        1       no_overlap(28,2,3)
        1       no_overlap(28,2,4)
        1       no_overlap(29,2,1)
        1       no_overlap(29,2,2)
        1       no_overlap(29,2,3)
        1       no_overlap(29,2,4)
        1       no_overlap(30,2,1)
        1       no_overlap(30,2,2)
        1       no_overlap(30,2,3)
        1       no_overlap(30,2,4)
        1       no_overlap(31,2,1)
        1       no_overlap(31,2,2)
        1       no_overlap(31,2,3)
        1       no_overlap(31,2,4)
        1       no_overlap(32,2,1)
        1       no_overlap(32,2,2)
        1       no_overlap(32,2,3)
        1       no_overlap(32,2,4)
        1       no_overlap(33,2,1)
        1       no_overlap(33,2,2)
        1       no_overlap(33,2,3)
        1       no_overlap(33,2,4)
        1       enforce_arrival(2)

REMAINING 31 ENTRIES SKIPPED
GAMS Rev 240  WEX-VS8 24.0.2 x86/MS Windows                                                                                                                                                                                           04/26/13 11:58:06 Page 33
multicore_scheduling_min_wqt_s1
Column Listing      SOLVE min_wqt Using MIP From line 461


---- completion_time  tiempo de finalizacion de la tarea t

completion_time(0)
                (.LO, .L, .UP, .M = 0, 0, +INF, 0)
        1       eq_completion_time(0)

completion_time(1)
                (.LO, .L, .UP, .M = 0, 0, +INF, 0)
        1       eq_completion_time(1)
       -3       objective

completion_time(2)
                (.LO, .L, .UP, .M = 0, 0, +INF, 0)
        1       eq_completion_time(2)
       -3       objective

REMAINING 31 ENTRIES SKIPPED

---- assignment  asignacion de la tarea t en la maquina m

assignment(0,1)
                (.LO, .L, .UP, .M = 0, 0, 1, 0)
       -1       t_precedence_3(0,0,1)
       -1       t_precedence_3(0,1,1)
       -1       t_precedence_3(0,2,1)
       -1       t_precedence_3(0,3,1)
       -1       t_precedence_3(0,4,1)
       -1       t_precedence_3(0,5,1)
       -1       t_precedence_3(0,6,1)
       -1       t_precedence_3(0,7,1)
       -1       t_precedence_3(0,8,1)
       -1       t_precedence_3(0,9,1)
       -1       t_precedence_3(0,10,1)
       -1       t_precedence_3(0,11,1)
       -1       t_precedence_3(0,12,1)
       -1       t_precedence_3(0,13,1)
       -1       t_precedence_3(0,14,1)
       -1       t_precedence_3(0,15,1)
       -1       t_precedence_3(0,16,1)
       -1       t_precedence_3(0,17,1)
       -1       t_precedence_3(0,18,1)
       -1       t_precedence_3(0,19,1)
       -1       t_precedence_3(0,20,1)
       -1       t_precedence_3(0,21,1)
       -1       t_precedence_3(0,22,1)
       -1       t_precedence_3(0,23,1)
       -1       t_precedence_3(0,24,1)
       -1       t_precedence_3(0,25,1)
       -1       t_precedence_3(0,26,1)
       -1       t_precedence_3(0,27,1)
       -1       t_precedence_3(0,28,1)
       -1       t_precedence_3(0,29,1)
       -1       t_precedence_3(0,30,1)
GAMS Rev 240  WEX-VS8 24.0.2 x86/MS Windows                                                                                                                                                                                           04/26/13 11:58:06 Page 34
multicore_scheduling_min_wqt_s1
Column Listing      SOLVE min_wqt Using MIP From line 461


     assignment  asignacion de la tarea t en la maquina m

       -1       t_precedence_3(0,31,1)
       -1       t_precedence_3(0,32,1)
       -1       t_precedence_3(0,33,1)
       -1       t_precedence_4(0,0,1)
       -1       t_precedence_4(1,0,1)
       -1       t_precedence_4(2,0,1)
       -1       t_precedence_4(3,0,1)
       -1       t_precedence_4(4,0,1)
       -1       t_precedence_4(5,0,1)
       -1       t_precedence_4(6,0,1)
       -1       t_precedence_4(7,0,1)
       -1       t_precedence_4(8,0,1)
       -1       t_precedence_4(9,0,1)
       -1       t_precedence_4(10,0,1)
       -1       t_precedence_4(11,0,1)
       -1       t_precedence_4(12,0,1)
       -1       t_precedence_4(13,0,1)
       -1       t_precedence_4(14,0,1)
       -1       t_precedence_4(15,0,1)
       -1       t_precedence_4(16,0,1)
       -1       t_precedence_4(17,0,1)
       -1       t_precedence_4(18,0,1)
       -1       t_precedence_4(19,0,1)
       -1       t_precedence_4(20,0,1)
       -1       t_precedence_4(21,0,1)
       -1       t_precedence_4(22,0,1)
       -1       t_precedence_4(23,0,1)
       -1       t_precedence_4(24,0,1)
       -1       t_precedence_4(25,0,1)
       -1       t_precedence_4(26,0,1)
       -1       t_precedence_4(27,0,1)
       -1       t_precedence_4(28,0,1)
       -1       t_precedence_4(29,0,1)
       -1       t_precedence_4(30,0,1)
       -1       t_precedence_4(31,0,1)
       -1       t_precedence_4(32,0,1)
       -1       t_precedence_4(33,0,1)

assignment(0,2)
                (.LO, .L, .UP, .M = 0, 0, 1, 0)
       -1       t_precedence_3(0,0,2)
       -1       t_precedence_3(0,1,2)
       -1       t_precedence_3(0,2,2)
       -1       t_precedence_3(0,3,2)
       -1       t_precedence_3(0,4,2)
       -1       t_precedence_3(0,5,2)
       -1       t_precedence_3(0,6,2)
       -1       t_precedence_3(0,7,2)
       -1       t_precedence_3(0,8,2)
       -1       t_precedence_3(0,9,2)
       -1       t_precedence_3(0,10,2)
GAMS Rev 240  WEX-VS8 24.0.2 x86/MS Windows                                                                                                                                                                                           04/26/13 11:58:06 Page 35
multicore_scheduling_min_wqt_s1
Column Listing      SOLVE min_wqt Using MIP From line 461


     assignment  asignacion de la tarea t en la maquina m

       -1       t_precedence_3(0,11,2)
       -1       t_precedence_3(0,12,2)
       -1       t_precedence_3(0,13,2)
       -1       t_precedence_3(0,14,2)
       -1       t_precedence_3(0,15,2)
       -1       t_precedence_3(0,16,2)
       -1       t_precedence_3(0,17,2)
       -1       t_precedence_3(0,18,2)
       -1       t_precedence_3(0,19,2)
       -1       t_precedence_3(0,20,2)
       -1       t_precedence_3(0,21,2)
       -1       t_precedence_3(0,22,2)
       -1       t_precedence_3(0,23,2)
       -1       t_precedence_3(0,24,2)
       -1       t_precedence_3(0,25,2)
       -1       t_precedence_3(0,26,2)
       -1       t_precedence_3(0,27,2)
       -1       t_precedence_3(0,28,2)
       -1       t_precedence_3(0,29,2)
       -1       t_precedence_3(0,30,2)
       -1       t_precedence_3(0,31,2)
       -1       t_precedence_3(0,32,2)
       -1       t_precedence_3(0,33,2)
       -1       t_precedence_4(0,0,2)
       -1       t_precedence_4(1,0,2)
       -1       t_precedence_4(2,0,2)
       -1       t_precedence_4(3,0,2)
       -1       t_precedence_4(4,0,2)
       -1       t_precedence_4(5,0,2)
       -1       t_precedence_4(6,0,2)
       -1       t_precedence_4(7,0,2)
       -1       t_precedence_4(8,0,2)
       -1       t_precedence_4(9,0,2)
       -1       t_precedence_4(10,0,2)
       -1       t_precedence_4(11,0,2)
       -1       t_precedence_4(12,0,2)
       -1       t_precedence_4(13,0,2)
       -1       t_precedence_4(14,0,2)
       -1       t_precedence_4(15,0,2)
       -1       t_precedence_4(16,0,2)
       -1       t_precedence_4(17,0,2)
       -1       t_precedence_4(18,0,2)
       -1       t_precedence_4(19,0,2)
       -1       t_precedence_4(20,0,2)
       -1       t_precedence_4(21,0,2)
       -1       t_precedence_4(22,0,2)
       -1       t_precedence_4(23,0,2)
       -1       t_precedence_4(24,0,2)
       -1       t_precedence_4(25,0,2)
       -1       t_precedence_4(26,0,2)
       -1       t_precedence_4(27,0,2)
GAMS Rev 240  WEX-VS8 24.0.2 x86/MS Windows                                                                                                                                                                                           04/26/13 11:58:06 Page 36
multicore_scheduling_min_wqt_s1
Column Listing      SOLVE min_wqt Using MIP From line 461


     assignment  asignacion de la tarea t en la maquina m

       -1       t_precedence_4(28,0,2)
       -1       t_precedence_4(29,0,2)
       -1       t_precedence_4(30,0,2)
       -1       t_precedence_4(31,0,2)
       -1       t_precedence_4(32,0,2)
       -1       t_precedence_4(33,0,2)

assignment(0,3)
                (.LO, .L, .UP, .M = 0, 0, 1, 0)
       -1       t_precedence_3(0,0,3)
       -1       t_precedence_3(0,1,3)
       -1       t_precedence_3(0,2,3)
       -1       t_precedence_3(0,3,3)
       -1       t_precedence_3(0,4,3)
       -1       t_precedence_3(0,5,3)
       -1       t_precedence_3(0,6,3)
       -1       t_precedence_3(0,7,3)
       -1       t_precedence_3(0,8,3)
       -1       t_precedence_3(0,9,3)
       -1       t_precedence_3(0,10,3)
       -1       t_precedence_3(0,11,3)
       -1       t_precedence_3(0,12,3)
       -1       t_precedence_3(0,13,3)
       -1       t_precedence_3(0,14,3)
       -1       t_precedence_3(0,15,3)
       -1       t_precedence_3(0,16,3)
       -1       t_precedence_3(0,17,3)
       -1       t_precedence_3(0,18,3)
       -1       t_precedence_3(0,19,3)
       -1       t_precedence_3(0,20,3)
       -1       t_precedence_3(0,21,3)
       -1       t_precedence_3(0,22,3)
       -1       t_precedence_3(0,23,3)
       -1       t_precedence_3(0,24,3)
       -1       t_precedence_3(0,25,3)
       -1       t_precedence_3(0,26,3)
       -1       t_precedence_3(0,27,3)
       -1       t_precedence_3(0,28,3)
       -1       t_precedence_3(0,29,3)
       -1       t_precedence_3(0,30,3)
       -1       t_precedence_3(0,31,3)
       -1       t_precedence_3(0,32,3)
       -1       t_precedence_3(0,33,3)
       -1       t_precedence_4(0,0,3)
       -1       t_precedence_4(1,0,3)
       -1       t_precedence_4(2,0,3)
       -1       t_precedence_4(3,0,3)
       -1       t_precedence_4(4,0,3)
       -1       t_precedence_4(5,0,3)
       -1       t_precedence_4(6,0,3)
       -1       t_precedence_4(7,0,3)
GAMS Rev 240  WEX-VS8 24.0.2 x86/MS Windows                                                                                                                                                                                           04/26/13 11:58:06 Page 37
multicore_scheduling_min_wqt_s1
Column Listing      SOLVE min_wqt Using MIP From line 461


     assignment  asignacion de la tarea t en la maquina m

       -1       t_precedence_4(8,0,3)
       -1       t_precedence_4(9,0,3)
       -1       t_precedence_4(10,0,3)
       -1       t_precedence_4(11,0,3)
       -1       t_precedence_4(12,0,3)
       -1       t_precedence_4(13,0,3)
       -1       t_precedence_4(14,0,3)
       -1       t_precedence_4(15,0,3)
       -1       t_precedence_4(16,0,3)
       -1       t_precedence_4(17,0,3)
       -1       t_precedence_4(18,0,3)
       -1       t_precedence_4(19,0,3)
       -1       t_precedence_4(20,0,3)
       -1       t_precedence_4(21,0,3)
       -1       t_precedence_4(22,0,3)
       -1       t_precedence_4(23,0,3)
       -1       t_precedence_4(24,0,3)
       -1       t_precedence_4(25,0,3)
       -1       t_precedence_4(26,0,3)
       -1       t_precedence_4(27,0,3)
       -1       t_precedence_4(28,0,3)
       -1       t_precedence_4(29,0,3)
       -1       t_precedence_4(30,0,3)
       -1       t_precedence_4(31,0,3)
       -1       t_precedence_4(32,0,3)
       -1       t_precedence_4(33,0,3)

REMAINING 133 ENTRIES SKIPPED

---- precedence  t es previa de tt en la maquina m, core c

precedence(0,0,1)
                (.LO, .L, .UP, .M = 0, 0, 1, 0)
        2       no_loop(0,0,1)
  -429833.0714  no_overlap(0,0,1)
        1       t_precedence_3(0,0,1)
        1       t_precedence_4(0,0,1)

precedence(0,0,2)
                (.LO, .L, .UP, .M = 0, 0, 1, 0)
        2       no_loop(0,0,2)
  -429833.0714  no_overlap(0,0,2)
        1       t_precedence_3(0,0,2)
        1       t_precedence_4(0,0,2)

precedence(0,0,3)
                (.LO, .L, .UP, .M = 0, 0, 1, 0)
        2       no_loop(0,0,3)
  -429833.0714  no_overlap(0,0,3)
        1       t_precedence_3(0,0,3)
        1       t_precedence_4(0,0,3)
GAMS Rev 240  WEX-VS8 24.0.2 x86/MS Windows                                                                                                                                                                                           04/26/13 11:58:06 Page 38
multicore_scheduling_min_wqt_s1
Column Listing      SOLVE min_wqt Using MIP From line 461


     precedence  t es previa de tt en la maquina m, core c


REMAINING 4621 ENTRIES SKIPPED

---- prec_res  

prec_res(0,0,1)
                (.LO, .L, .UP, .M = 0, 0, +INF, 0)
        1       m_resources_1(1,0)
        1       m_resources_2(1,0)

prec_res(0,0,2)
                (.LO, .L, .UP, .M = 0, 0, +INF, 0)
        1       m_resources_1(2,0)
        1       m_resources_2(2,0)

prec_res(0,0,3)
                (.LO, .L, .UP, .M = 0, 0, +INF, 0)
        1       m_resources_1(3,0)
        1       m_resources_2(3,0)

REMAINING 4621 ENTRIES SKIPPED

****
****  4624 Integer +INF Bounds have been reset to 100
****
GAMS Rev 240  WEX-VS8 24.0.2 x86/MS Windows                                                                                                                                                                                           04/26/13 11:58:06 Page 39
multicore_scheduling_min_wqt_s1
Model Statistics    SOLVE min_wqt Using MIP From line 461


MODEL STATISTICS

BLOCKS OF EQUATIONS          17     SINGLE EQUATIONS       27,061
BLOCKS OF VARIABLES           6     SINGLE VARIABLES        9,453
NON ZERO ELEMENTS        67,487     DISCRETE VARIABLES      9,384


GENERATION TIME      =        0.218 SECONDS      8 Mb  WIN240-240 Feb 14, 2013


EXECUTION TIME       =        0.218 SECONDS      8 Mb  WIN240-240 Feb 14, 2013
GAMS Rev 240  WEX-VS8 24.0.2 x86/MS Windows                                                                                                                                                                                           04/26/13 11:58:06 Page 40
multicore_scheduling_min_wqt_s1
Solution Report     SOLVE min_wqt Using MIP From line 461


               S O L V E      S U M M A R Y

     MODEL   min_wqt             OBJECTIVE  f
     TYPE    MIP                 DIRECTION  MINIMIZE
     SOLVER  CPLEX               FROM LINE  461

**** SOLVER STATUS     4 Terminated By Solver      
**** MODEL STATUS      14 No Solution Returned     
**** OBJECTIVE VALUE               NA

 RESOURCE USAGE, LIMIT         NA         21600.000
 ITERATION COUNT, LIMIT  19626939    2000000000

IBM ILOG CPLEX   Feb 14, 2013 24.0.2 WIN 38380.38394 VS8 x86/MS Windows       
--- GAMS/Cplex licensed for continuous and discrete problems.
Cplex 12.5.0.0

MIP status(109): error termination
Cplex Time: 12825.92sec (det. 3219847.55 ticks)
*** CPLEX Error  1001: Out of memory.

Fixing integer variables, and solving final LP...
Fixed MIP status(0): 
Cplex Time: 0.03sec (det. 10.13 ticks)
*** CPLEX Error  1001: Out of memory.


No solution returned
GAMS Rev 240  WEX-VS8 24.0.2 x86/MS Windows                                                                                                                                                                                           04/26/13 11:58:06 Page 41
multicore_scheduling_min_wqt_s1
E x e c u t i o n


----    463 VARIABLE f.L                   =        0.000  objetivo

----    464 VARIABLE starting_time.L  comienzo de ejecucion de la tarea t

                      ( ALL       0.000 )


----    465 VARIABLE completion_time.L  tiempo de finalizacion de la tarea t

                      ( ALL       0.000 )


----    466 VARIABLE assignment.L  asignacion de la tarea t en la maquina m

                      ( ALL       0.000 )


----    467 VARIABLE precedence.L  t es previa de tt en la maquina m, core c

                      ( ALL       0.000 )


----    468 VARIABLE prec_res.L  

                      ( ALL       0.000 )


**** REPORT FILE SUMMARY

salida_starting_time D:\Facultad\OPI\gams-opi\m2_wqt_stime_32x4.txt


EXECUTION TIME       =        0.000 SECONDS      3 Mb  WIN240-240 Feb 14, 2013


USER: Gary Goldstein                                 G010614:2121CA-WIN
      Decision Ware, Inc.                                        DC2807


**** FILE SUMMARY

Input      D:\Facultad\OPI\gams-opi\wqt_run_2_32x4_3.gms
Output     D:\Facultad\OPI\gams-opi\wqt_run_2_32x4_3.lst
